/usr/local/mcuxpressoide-25.6.136/ide/plugins/com.nxp.mcuxpresso.tools.linux_25.6.0.202501151204/tools/arm-none-eabi/include/c++/14.2.1/arm-none-eabi/thumb/v8-m.main+fp/hard/bits/gthr-default.h:229:1:int __gthread_key_delete(__gthread_key_t)	16	static
/home/bruno/ufrgs/tcc/automator/cpp-project/tflite-test/tensorflow/third_party_headers/flatbuffers/include/flatbuffers/buffer.h:55:13:void flatbuffers::EndianCheck()	16	static
/home/bruno/ufrgs/tcc/automator/cpp-project/tflite-test/tensorflow/third_party_headers/flatbuffers/include/flatbuffers/table.h:29:18:const uint8_t* flatbuffers::Table::GetVTable() const	24	static
/home/bruno/ufrgs/tcc/automator/cpp-project/tflite-test/tensorflow/third_party_headers/flatbuffers/include/flatbuffers/table.h:35:13:flatbuffers::voffset_t flatbuffers::Table::GetOptionalFieldOffset(flatbuffers::voffset_t) const	24	static
/home/bruno/ufrgs/tcc/automator/cpp-project/tflite-test/tensorflow/tensorflow_headers/tensorflow/lite/schema/schema_generated.h:16807:12:uint32_t tflite::Model::version() const	16	static
/home/bruno/ufrgs/tcc/automator/cpp-project/tflite-test/tensorflow/tensorflow_headers/tensorflow/lite/schema/schema_generated.h:25245:29:const tflite::Model* tflite::GetModel(const void*)	16	static
/home/bruno/ufrgs/tcc/automator/cpp-project/tflite-test/tensorflow/tensorflow_headers/tensorflow/lite/micro/micro_op_resolver.h:50:11:tflite::MicroOpResolver::~MicroOpResolver()	16	static
/home/bruno/ufrgs/tcc/automator/cpp-project/tflite-test/tensorflow/tensorflow_headers/tensorflow/lite/micro/micro_op_resolver.h:50:11:virtual tflite::MicroOpResolver::~MicroOpResolver()	16	static
/home/bruno/ufrgs/tcc/automator/cpp-project/tflite-test/tensorflow/tensorflow_headers/tensorflow/lite/micro/micro_interpreter.h:96:17:TfLiteTensor* tflite::MicroInterpreter::input_tensor(size_t)	16	static
/home/bruno/ufrgs/tcc/automator/cpp-project/tflite-test/tensorflow/tensorflow_headers/tensorflow/lite/micro/micro_interpreter.h:114:17:TfLiteTensor* tflite::MicroInterpreter::output_tensor(size_t)	16	static
/home/bruno/ufrgs/tcc/automator/cpp-project/tflite-test/tensorflow/tensorflow_headers/tensorflow/lite/micro/micro_interpreter.h:146:10:size_t tflite::MicroInterpreter::arena_used_bytes() const	16	static
/home/bruno/ufrgs/tcc/automator/cpp-project/tflite-test/tensorflow/tensorflow_headers/tensorflow/lite/micro/micro_mutable_op_resolver.h:49:7:tflite::MicroMutableOpResolver<6>::~MicroMutableOpResolver()	16	static
/home/bruno/ufrgs/tcc/automator/cpp-project/tflite-test/tensorflow/tensorflow_headers/tensorflow/lite/micro/micro_mutable_op_resolver.h:49:7:virtual tflite::MicroMutableOpResolver<6>::~MicroMutableOpResolver()	16	static
../model/model.cpp:14:1:MyModel::MyModel()	216	static
../model/model.cpp:46:6:void MyModel::run_inference(ModelInput&, ModelOutput&)	40	static
../model/model.cpp:62:6:void MyModel::print_outputs(ModelOutput&)	16	static
../model/model.cpp:68:5:int MyModel::get_input_size()	16	static
../model/model.cpp:72:5:int MyModel::get_output_size()	16	static
../model/model.cpp:76:5:int MyModel::get_arena_used_bytes()	16	static
/home/bruno/ufrgs/tcc/automator/cpp-project/tflite-test/tensorflow/third_party_headers/flatbuffers/include/flatbuffers/base.h:425:24:T flatbuffers::EndianScalar(T) [with T = long unsigned int]	16	static
/home/bruno/ufrgs/tcc/automator/cpp-project/tflite-test/tensorflow/third_party_headers/flatbuffers/include/flatbuffers/base.h:436:3:T flatbuffers::ReadScalar(const void*) [with T = long int]	16	static
/home/bruno/ufrgs/tcc/automator/cpp-project/tflite-test/tensorflow/third_party_headers/flatbuffers/include/flatbuffers/base.h:436:3:T flatbuffers::ReadScalar(const void*) [with T = short unsigned int]	16	static
/home/bruno/ufrgs/tcc/automator/cpp-project/tflite-test/tensorflow/third_party_headers/flatbuffers/include/flatbuffers/base.h:436:3:T flatbuffers::ReadScalar(const void*) [with T = long unsigned int]	16	static
/home/bruno/ufrgs/tcc/automator/cpp-project/tflite-test/tensorflow/third_party_headers/flatbuffers/include/flatbuffers/table.h:45:26:T flatbuffers::Table::GetField(flatbuffers::voffset_t, T) const [with T = long unsigned int]	32	static
/home/bruno/ufrgs/tcc/automator/cpp-project/tflite-test/tensorflow/third_party_headers/flatbuffers/include/flatbuffers/buffer.h:188:31:const T* flatbuffers::GetRoot(const void*) [with T = tflite::Model]	16	static
/home/bruno/ufrgs/tcc/automator/cpp-project/tflite-test/tensorflow/tensorflow_headers/tensorflow/lite/micro/micro_op_resolver.h:34:7:constexpr tflite::MicroOpResolver::MicroOpResolver()	16	static
/home/bruno/ufrgs/tcc/automator/cpp-project/tflite-test/tensorflow/tensorflow_headers/tensorflow/lite/micro/micro_mutable_op_resolver.h:53:12:tflite::MicroMutableOpResolver<tOpCount>::MicroMutableOpResolver() [with unsigned int tOpCount = 6]	16	static
/home/bruno/ufrgs/tcc/automator/cpp-project/tflite-test/tensorflow/tensorflow_headers/tensorflow/lite/micro/micro_mutable_op_resolver.h:51:3:static void tflite::MicroMutableOpResolver<tOpCount>::operator delete(void*) [with unsigned int tOpCount = 6]	16	static
/home/bruno/ufrgs/tcc/automator/cpp-project/tflite-test/tensorflow/tensorflow_headers/tensorflow/lite/micro/micro_mutable_op_resolver.h:202:16:TfLiteStatus tflite::MicroMutableOpResolver<tOpCount>::AddConv2D(const TFLMRegistration&) [with unsigned int tOpCount = 6]	16	static
/home/bruno/ufrgs/tcc/automator/cpp-project/tflite-test/tensorflow/tensorflow_headers/tensorflow/lite/micro/micro_mutable_op_resolver.h:227:16:TfLiteStatus tflite::MicroMutableOpResolver<tOpCount>::AddDepthwiseConv2D(const TFLMRegistration&) [with unsigned int tOpCount = 6]	16	static
/home/bruno/ufrgs/tcc/automator/cpp-project/tflite-test/tensorflow/tensorflow_headers/tensorflow/lite/micro/micro_mutable_op_resolver.h:150:16:TfLiteStatus tflite::MicroMutableOpResolver<tOpCount>::AddAveragePool2D(const TFLMRegistration&) [with unsigned int tOpCount = 6]	16	static
/home/bruno/ufrgs/tcc/automator/cpp-project/tflite-test/tensorflow/tensorflow_headers/tensorflow/lite/micro/micro_mutable_op_resolver.h:541:16:TfLiteStatus tflite::MicroMutableOpResolver<tOpCount>::AddReshape(const TFLMRegistration&) [with unsigned int tOpCount = 6]	16	static
/home/bruno/ufrgs/tcc/automator/cpp-project/tflite-test/tensorflow/tensorflow_headers/tensorflow/lite/micro/micro_mutable_op_resolver.h:344:16:TfLiteStatus tflite::MicroMutableOpResolver<tOpCount>::AddFullyConnected(const TFLMRegistration&) [with unsigned int tOpCount = 6]	16	static
/home/bruno/ufrgs/tcc/automator/cpp-project/tflite-test/tensorflow/tensorflow_headers/tensorflow/lite/micro/micro_mutable_op_resolver.h:596:16:TfLiteStatus tflite::MicroMutableOpResolver<tOpCount>::AddSoftmax(const TFLMRegistration&) [with unsigned int tOpCount = 6]	16	static
/home/bruno/ufrgs/tcc/automator/cpp-project/tflite-test/tensorflow/third_party_headers/flatbuffers/include/flatbuffers/base.h:425:24:T flatbuffers::EndianScalar(T) [with T = long int]	16	static
/home/bruno/ufrgs/tcc/automator/cpp-project/tflite-test/tensorflow/third_party_headers/flatbuffers/include/flatbuffers/base.h:425:24:T flatbuffers::EndianScalar(T) [with T = short unsigned int]	16	static
/home/bruno/ufrgs/tcc/automator/cpp-project/tflite-test/tensorflow/third_party_headers/flatbuffers/include/flatbuffers/buffer.h:175:25:T* flatbuffers::GetMutableRoot(void*) [with T = tflite::Model]	16	static
/home/bruno/ufrgs/tcc/automator/cpp-project/tflite-test/tensorflow/tensorflow_headers/tensorflow/lite/micro/micro_mutable_op_resolver.h:717:16:TfLiteStatus tflite::MicroMutableOpResolver<tOpCount>::AddBuiltin(tflite::BuiltinOperator, const TFLMRegistration&, tflite::TfLiteBridgeBuiltinParseFunction) [with unsigned int tOpCount = 6]	32	static
/home/bruno/ufrgs/tcc/automator/cpp-project/tflite-test/tensorflow/tensorflow_headers/tensorflow/lite/micro/micro_mutable_op_resolver.h:55:27:const TFLMRegistration* tflite::MicroMutableOpResolver<tOpCount>::FindOp(tflite::BuiltinOperator) const [with unsigned int tOpCount = 6]	24	static
/home/bruno/ufrgs/tcc/automator/cpp-project/tflite-test/tensorflow/tensorflow_headers/tensorflow/lite/micro/micro_mutable_op_resolver.h:67:27:const TFLMRegistration* tflite::MicroMutableOpResolver<tOpCount>::FindOp(const char*) const [with unsigned int tOpCount = 6]	24	static
/home/bruno/ufrgs/tcc/automator/cpp-project/tflite-test/tensorflow/tensorflow_headers/tensorflow/lite/micro/micro_mutable_op_resolver.h:78:36:TfLiteStatus (* tflite::MicroMutableOpResolver<tOpCount>::GetOpDataParser(tflite::BuiltinOperator) const)(const tflite::Operator*, tflite::ErrorReporter*, tflite::BuiltinDataAllocator*, void**) [with unsigned int tOpCount = 6]	24	static
