/home/bruno/ufrgs/tcc/automator/cpp-project/tflite-test/drivers/fsl_clock.h:1488:20:CLOCK_EnableClock	24	static
/home/bruno/ufrgs/tcc/automator/cpp-project/tflite-test/drivers/fsl_port.h:360:20:PORT_SetPinConfig	32	static
/home/bruno/ufrgs/tcc/automator/cpp-project/tflite-test/drivers/fsl_port.h:463:20:PORT_SetPinMux	24	static
../board/pin_mux.c:316:6:BOARD_InitBootPins	8	static
../board/pin_mux.c:337:6:BOARD_InitDEBUG_UARTPins	4	static
../board/pin_mux.c:363:6:BOARD_InitSWD_DEBUGPins	24	static
../board/pin_mux.c:460:6:BOARD_InitLEDsPins	32	static
../board/pin_mux.c:582:6:BOARD_InitBUTTONsPins	24	static
../board/pin_mux.c:668:6:InitUARTUsbc	8	static
