21:14:27 **** Clean-only build of configuration Debug for project tflite-test ****
make -r -j8 clean 
rm -rf ./utilities/str/fsl_str.d ./utilities/str/fsl_str.o
rm -rf ./utilities/debug_console/fsl_debug_console.d ./utilities/debug_console/fsl_debug_console.o
rm -rf ./utilities/fsl_assert.d ./utilities/fsl_assert.o
rm -rf ./startup/boot_multicore_slave.d ./startup/boot_multicore_slave.o ./startup/startup_mcxn947_cm33_core0.d ./startup/startup_mcxn947_cm33_core0.o
rm -rf ./source/MCXN947_Project.d ./source/MCXN947_Project.o ./source/cpp_config.d ./source/cpp_config.o ./source/semihost_hardfault.d ./source/semihost_hardfault.o
rm -rf ./model/model.d ./model/model.o ./model/quantization.d ./model/quantization.o ./model/serial_io.d ./model/serial_io.o ./model/timer.d ./model/timer.o
rm -rf ./drivers/fsl_clock.d ./drivers/fsl_clock.o ./drivers/fsl_common.d ./drivers/fsl_common.o ./drivers/fsl_common_arm.d ./drivers/fsl_common_arm.o ./drivers/fsl_ctimer.d ./drivers/fsl_ctimer.o ./drivers/fsl_gpio.d ./drivers/fsl_gpio.o ./drivers/fsl_lpflexcomm.d ./drivers/fsl_lpflexcomm.o ./drivers/fsl_lpi2c.d ./drivers/fsl_lpi2c.o ./drivers/fsl_lpspi.d ./drivers/fsl_lpspi.o ./drivers/fsl_lpuart.d ./drivers/fsl_lpuart.o ./drivers/fsl_reset.d ./drivers/fsl_reset.o ./drivers/fsl_spc.d ./drivers/fsl_spc.o
rm -rf ./device/system_MCXN947_cm33_core0.d ./device/system_MCXN947_cm33_core0.o
rm -rf ./component/uart/fsl_adapter_lpuart.d ./component/uart/fsl_adapter_lpuart.o
rm -rf ./component/serial_manager/fsl_component_serial_manager.d ./component/serial_manager/fsl_component_serial_manager.o ./component/serial_manager/fsl_component_serial_port_uart.d ./component/serial_manager/fsl_component_serial_port_uart.o
rm -rf ./component/lists/fsl_component_generic_list.d ./component/lists/fsl_component_generic_list.o
rm -rf ./board/board.d ./board/board.o ./board/clock_config.d ./board/clock_config.o ./board/peripherals.d ./board/peripherals.o ./board/pin_mux.d ./board/pin_mux.o
rm -rf tflite-test.axf
 
21:14:27 **** Incremental Build of configuration Debug for project tflite-test ****
make -r -j8 all 
Building file: ../utilities/str/fsl_str.c
Building file: ../utilities/debug_console/fsl_debug_console.c
Invoking: MCU C Compiler
Invoking: MCU C Compiler
Building file: ../utilities/fsl_assert.c
arm-none-eabi-gcc -D__NEWLIB__ -DCPU_MCXN947VDF -DCPU_MCXN947VDF_cm33 -DCPU_MCXN947VDF_cm33_core0 -DSERIAL_PORT_TYPE_UART=1 -DSDK_DEBUGCONSOLE=1 -D__MCUXPRESSO -D__USE_CMSIS -DDEBUG -I"/home/bruno/ufrgs/tcc/automator/cpp-project/tflite-test/drivers" -I"/home/bruno/ufrgs/tcc/automator/cpp-project/tflite-test/device" -I"/home/bruno/ufrgs/tcc/automator/cpp-project/tflite-test/utilities/debug_console" -I"/home/bruno/ufrgs/tcc/automator/cpp-project/tflite-test/component/uart" -I"/home/bruno/ufrgs/tcc/automator/cpp-project/tflite-test/utilities/debug_console/config" -I"/home/bruno/ufrgs/tcc/automator/cpp-project/tflite-test/component/serial_manager" -I"/home/bruno/ufrgs/tcc/automator/cpp-project/tflite-test/component/lists" -I"/home/bruno/ufrgs/tcc/automator/cpp-project/tflite-test/device/periph" -I"/home/bruno/ufrgs/tcc/automator/cpp-project/tflite-test/utilities" -I"/home/bruno/ufrgs/tcc/automator/cpp-project/tflite-test/CMSIS" -I"/home/bruno/ufrgs/tcc/automator/cpp-project/tflite-test/CMSIS/m-profile" -I"/home/bruno/ufrgs/tcc/automator/cpp-project/tflite-test/utilities/str" -I"/home/bruno/ufrgs/tcc/automator/cpp-project/tflite-test/board" -I"/home/bruno/ufrgs/tcc/automator/cpp-project/tflite-test/source" -O0 -fno-common -g3 -gdwarf-4 -Wall -c -ffunction-sections -fdata-sections -fno-builtin -fmerge-constants -fmacro-prefix-map="../utilities/str/"= -mcpu=cortex-m33 -mfpu=fpv5-sp-d16 -mfloat-abi=hard -mthumb -D__NEWLIB__ -fstack-usage -specs=nano.specs -MMD -MP -MF"utilities/str/fsl_str.d" -MT"utilities/str/fsl_str.o" -MT"utilities/str/fsl_str.d" -o "utilities/str/fsl_str.o" "../utilities/str/fsl_str.c"
arm-none-eabi-gcc -D__NEWLIB__ -DCPU_MCXN947VDF -DCPU_MCXN947VDF_cm33 -DCPU_MCXN947VDF_cm33_core0 -DSERIAL_PORT_TYPE_UART=1 -DSDK_DEBUGCONSOLE=1 -D__MCUXPRESSO -D__USE_CMSIS -DDEBUG -I"/home/bruno/ufrgs/tcc/automator/cpp-project/tflite-test/drivers" -I"/home/bruno/ufrgs/tcc/automator/cpp-project/tflite-test/device" -I"/home/bruno/ufrgs/tcc/automator/cpp-project/tflite-test/utilities/debug_console" -I"/home/bruno/ufrgs/tcc/automator/cpp-project/tflite-test/component/uart" -I"/home/bruno/ufrgs/tcc/automator/cpp-project/tflite-test/utilities/debug_console/config" -I"/home/bruno/ufrgs/tcc/automator/cpp-project/tflite-test/component/serial_manager" -I"/home/bruno/ufrgs/tcc/automator/cpp-project/tflite-test/component/lists" -I"/home/bruno/ufrgs/tcc/automator/cpp-project/tflite-test/device/periph" -I"/home/bruno/ufrgs/tcc/automator/cpp-project/tflite-test/utilities" -I"/home/bruno/ufrgs/tcc/automator/cpp-project/tflite-test/CMSIS" -I"/home/bruno/ufrgs/tcc/automator/cpp-project/tflite-test/CMSIS/m-profile" -I"/home/bruno/ufrgs/tcc/automator/cpp-project/tflite-test/utilities/str" -I"/home/bruno/ufrgs/tcc/automator/cpp-project/tflite-test/board" -I"/home/bruno/ufrgs/tcc/automator/cpp-project/tflite-test/source" -O0 -fno-common -g3 -gdwarf-4 -Wall -c -ffunction-sections -fdata-sections -fno-builtin -fmerge-constants -fmacro-prefix-map="../utilities/debug_console/"= -mcpu=cortex-m33 -mfpu=fpv5-sp-d16 -mfloat-abi=hard -mthumb -D__NEWLIB__ -fstack-usage -specs=nano.specs -MMD -MP -MF"utilities/debug_console/fsl_debug_console.d" -MT"utilities/debug_console/fsl_debug_console.o" -MT"utilities/debug_console/fsl_debug_console.d" -o "utilities/debug_console/fsl_debug_console.o" "../utilities/debug_console/fsl_debug_console.c"
Invoking: MCU C Compiler
arm-none-eabi-gcc -D__NEWLIB__ -DCPU_MCXN947VDF -DCPU_MCXN947VDF_cm33 -DCPU_MCXN947VDF_cm33_core0 -DSERIAL_PORT_TYPE_UART=1 -DSDK_DEBUGCONSOLE=1 -D__MCUXPRESSO -D__USE_CMSIS -DDEBUG -I"/home/bruno/ufrgs/tcc/automator/cpp-project/tflite-test/drivers" -I"/home/bruno/ufrgs/tcc/automator/cpp-project/tflite-test/device" -I"/home/bruno/ufrgs/tcc/automator/cpp-project/tflite-test/utilities/debug_console" -I"/home/bruno/ufrgs/tcc/automator/cpp-project/tflite-test/component/uart" -I"/home/bruno/ufrgs/tcc/automator/cpp-project/tflite-test/utilities/debug_console/config" -I"/home/bruno/ufrgs/tcc/automator/cpp-project/tflite-test/component/serial_manager" -I"/home/bruno/ufrgs/tcc/automator/cpp-project/tflite-test/component/lists" -I"/home/bruno/ufrgs/tcc/automator/cpp-project/tflite-test/device/periph" -I"/home/bruno/ufrgs/tcc/automator/cpp-project/tflite-test/utilities" -I"/home/bruno/ufrgs/tcc/automator/cpp-project/tflite-test/CMSIS" -I"/home/bruno/ufrgs/tcc/automator/cpp-project/tflite-test/CMSIS/m-profile" -I"/home/bruno/ufrgs/tcc/automator/cpp-project/tflite-test/utilities/str" -I"/home/bruno/ufrgs/tcc/automator/cpp-project/tflite-test/board" -I"/home/bruno/ufrgs/tcc/automator/cpp-project/tflite-test/source" -O0 -fno-common -g3 -gdwarf-4 -Wall -c -ffunction-sections -fdata-sections -fno-builtin -fmerge-constants -fmacro-prefix-map="../utilities/"= -mcpu=cortex-m33 -mfpu=fpv5-sp-d16 -mfloat-abi=hard -mthumb -D__NEWLIB__ -fstack-usage -specs=nano.specs -MMD -MP -MF"utilities/fsl_assert.d" -MT"utilities/fsl_assert.o" -MT"utilities/fsl_assert.d" -o "utilities/fsl_assert.o" "../utilities/fsl_assert.c"
Building file: ../startup/boot_multicore_slave.c
Building file: ../source/MCXN947_Project.cpp
Building file: ../startup/startup_mcxn947_cm33_core0.cpp
Invoking: MCU C++ Compiler
Invoking: MCU C Compiler
Invoking: MCU C++ Compiler
Building file: ../source/cpp_config.cpp
arm-none-eabi-gcc -D__NEWLIB__ -DCPU_MCXN947VDF -DCPU_MCXN947VDF_cm33 -DCPU_MCXN947VDF_cm33_core0 -DSERIAL_PORT_TYPE_UART=1 -DSDK_DEBUGCONSOLE=1 -D__MCUXPRESSO -D__USE_CMSIS -DDEBUG -I"/home/bruno/ufrgs/tcc/automator/cpp-project/tflite-test/drivers" -I"/home/bruno/ufrgs/tcc/automator/cpp-project/tflite-test/device" -I"/home/bruno/ufrgs/tcc/automator/cpp-project/tflite-test/utilities/debug_console" -I"/home/bruno/ufrgs/tcc/automator/cpp-project/tflite-test/component/uart" -I"/home/bruno/ufrgs/tcc/automator/cpp-project/tflite-test/utilities/debug_console/config" -I"/home/bruno/ufrgs/tcc/automator/cpp-project/tflite-test/component/serial_manager" -I"/home/bruno/ufrgs/tcc/automator/cpp-project/tflite-test/component/lists" -I"/home/bruno/ufrgs/tcc/automator/cpp-project/tflite-test/device/periph" -I"/home/bruno/ufrgs/tcc/automator/cpp-project/tflite-test/utilities" -I"/home/bruno/ufrgs/tcc/automator/cpp-project/tflite-test/CMSIS" -I"/home/bruno/ufrgs/tcc/automator/cpp-project/tflite-test/CMSIS/m-profile" -I"/home/bruno/ufrgs/tcc/automator/cpp-project/tflite-test/utilities/str" -I"/home/bruno/ufrgs/tcc/automator/cpp-project/tflite-test/board" -I"/home/bruno/ufrgs/tcc/automator/cpp-project/tflite-test/source" -O0 -fno-common -g3 -gdwarf-4 -Wall -c -ffunction-sections -fdata-sections -fno-builtin -fmerge-constants -fmacro-prefix-map="../startup/"= -mcpu=cortex-m33 -mfpu=fpv5-sp-d16 -mfloat-abi=hard -mthumb -D__NEWLIB__ -fstack-usage -specs=nano.specs -MMD -MP -MF"startup/boot_multicore_slave.d" -MT"startup/boot_multicore_slave.o" -MT"startup/boot_multicore_slave.d" -o "startup/boot_multicore_slave.o" "../startup/boot_multicore_slave.c"
arm-none-eabi-c++ -DCPU_MCXN947VDF -DCPU_MCXN947VDF_cm33 -DCPU_MCXN947VDF_cm33_core0 -DARM_MATH_CM33 -D__FPU_PRESENT=1 -DTF_LITE_STATIC_MEMORY -DSERIAL_PORT_TYPE_UART=1 -DSDK_DEBUGCONSOLE=1 -D__MCUXPRESSO -D__USE_CMSIS -DDEBUG -D__NEWLIB__ -I"/home/bruno/ufrgs/tcc/automator/cpp-project/tflite-test/drivers" -I"/home/bruno/ufrgs/tcc/automator/cpp-project/tflite-test/device" -I"/home/bruno/ufrgs/tcc/automator/cpp-project/tflite-test/utilities/debug_console" -I"/home/bruno/ufrgs/tcc/automator/cpp-project/tflite-test/component/uart" -I"/home/bruno/ufrgs/tcc/automator/cpp-project/tflite-test/utilities/debug_console/config" -I"/home/bruno/ufrgs/tcc/automator/cpp-project/tflite-test/component/serial_manager" -I"/home/bruno/ufrgs/tcc/automator/cpp-project/tflite-test/component/lists" -I"/home/bruno/ufrgs/tcc/automator/cpp-project/tflite-test/device/periph" -I"/home/bruno/ufrgs/tcc/automator/cpp-project/tflite-test/utilities" -I"/home/bruno/ufrgs/tcc/automator/cpp-project/tflite-test/CMSIS" -I"/home/bruno/ufrgs/tcc/automator/cpp-project/tflite-test/CMSIS/m-profile" -I"/home/bruno/ufrgs/tcc/automator/cpp-project/tflite-test/utilities/str" -I"/home/bruno/ufrgs/tcc/automator/cpp-project/tflite-test/board" -I"/home/bruno/ufrgs/tcc/automator/cpp-project/tflite-test/source" -I"/home/bruno/ufrgs/tcc/automator/cpp-project/tflite-test/tensorflow/tensorflow_headers" -I"/home/bruno/ufrgs/tcc/automator/cpp-project/tflite-test/tensorflow/third_party_headers/cmsis/CMSIS/Core/Include" -I"/home/bruno/ufrgs/tcc/automator/cpp-project/tflite-test/tensorflow/third_party_headers/cmsis_nn/Include" -I"/home/bruno/ufrgs/tcc/automator/cpp-project/tflite-test/tensorflow/third_party_headers/flatbuffers/include" -I"/home/bruno/ufrgs/tcc/automator/cpp-project/tflite-test/tensorflow/third_party_headers/gemmlowp" -I"/home/bruno/ufrgs/tcc/automator/cpp-project/tflite-test/model" -O0 -fno-common -g3 -gdwarf-4 -Wall -c -ffunction-sections -fdata-sections -fno-builtin -fno-rtti -fno-exceptions -fmerge-constants -fmacro-prefix-map="../startup/"= -mcpu=cortex-m33 -mfpu=fpv5-sp-d16 -mfloat-abi=hard -mthumb -D__NEWLIB__ -fstack-usage -specs=nano.specs -MMD -MP -MF"startup/startup_mcxn947_cm33_core0.d" -MT"startup/startup_mcxn947_cm33_core0.o" -MT"startup/startup_mcxn947_cm33_core0.d" -o "startup/startup_mcxn947_cm33_core0.o" "../startup/startup_mcxn947_cm33_core0.cpp"
arm-none-eabi-c++ -DCPU_MCXN947VDF -DCPU_MCXN947VDF_cm33 -DCPU_MCXN947VDF_cm33_core0 -DARM_MATH_CM33 -D__FPU_PRESENT=1 -DTF_LITE_STATIC_MEMORY -DSERIAL_PORT_TYPE_UART=1 -DSDK_DEBUGCONSOLE=1 -D__MCUXPRESSO -D__USE_CMSIS -DDEBUG -D__NEWLIB__ -I"/home/bruno/ufrgs/tcc/automator/cpp-project/tflite-test/drivers" -I"/home/bruno/ufrgs/tcc/automator/cpp-project/tflite-test/device" -I"/home/bruno/ufrgs/tcc/automator/cpp-project/tflite-test/utilities/debug_console" -I"/home/bruno/ufrgs/tcc/automator/cpp-project/tflite-test/component/uart" -I"/home/bruno/ufrgs/tcc/automator/cpp-project/tflite-test/utilities/debug_console/config" -I"/home/bruno/ufrgs/tcc/automator/cpp-project/tflite-test/component/serial_manager" -I"/home/bruno/ufrgs/tcc/automator/cpp-project/tflite-test/component/lists" -I"/home/bruno/ufrgs/tcc/automator/cpp-project/tflite-test/device/periph" -I"/home/bruno/ufrgs/tcc/automator/cpp-project/tflite-test/utilities" -I"/home/bruno/ufrgs/tcc/automator/cpp-project/tflite-test/CMSIS" -I"/home/bruno/ufrgs/tcc/automator/cpp-project/tflite-test/CMSIS/m-profile" -I"/home/bruno/ufrgs/tcc/automator/cpp-project/tflite-test/utilities/str" -I"/home/bruno/ufrgs/tcc/automator/cpp-project/tflite-test/board" -I"/home/bruno/ufrgs/tcc/automator/cpp-project/tflite-test/source" -I"/home/bruno/ufrgs/tcc/automator/cpp-project/tflite-test/tensorflow/tensorflow_headers" -I"/home/bruno/ufrgs/tcc/automator/cpp-project/tflite-test/tensorflow/third_party_headers/cmsis/CMSIS/Core/Include" -I"/home/bruno/ufrgs/tcc/automator/cpp-project/tflite-test/tensorflow/third_party_headers/cmsis_nn/Include" -I"/home/bruno/ufrgs/tcc/automator/cpp-project/tflite-test/tensorflow/third_party_headers/flatbuffers/include" -I"/home/bruno/ufrgs/tcc/automator/cpp-project/tflite-test/tensorflow/third_party_headers/gemmlowp" -I"/home/bruno/ufrgs/tcc/automator/cpp-project/tflite-test/model" -O0 -fno-common -g3 -gdwarf-4 -Wall -c -ffunction-sections -fdata-sections -fno-builtin -fno-rtti -fno-exceptions -fmerge-constants -fmacro-prefix-map="../source/"= -mcpu=cortex-m33 -mfpu=fpv5-sp-d16 -mfloat-abi=hard -mthumb -D__NEWLIB__ -fstack-usage -specs=nano.specs -MMD -MP -MF"source/MCXN947_Project.d" -MT"source/MCXN947_Project.o" -MT"source/MCXN947_Project.d" -o "source/MCXN947_Project.o" "../source/MCXN947_Project.cpp"
Invoking: MCU C++ Compiler
arm-none-eabi-c++ -DCPU_MCXN947VDF -DCPU_MCXN947VDF_cm33 -DCPU_MCXN947VDF_cm33_core0 -DARM_MATH_CM33 -D__FPU_PRESENT=1 -DTF_LITE_STATIC_MEMORY -DSERIAL_PORT_TYPE_UART=1 -DSDK_DEBUGCONSOLE=1 -D__MCUXPRESSO -D__USE_CMSIS -DDEBUG -D__NEWLIB__ -I"/home/bruno/ufrgs/tcc/automator/cpp-project/tflite-test/drivers" -I"/home/bruno/ufrgs/tcc/automator/cpp-project/tflite-test/device" -I"/home/bruno/ufrgs/tcc/automator/cpp-project/tflite-test/utilities/debug_console" -I"/home/bruno/ufrgs/tcc/automator/cpp-project/tflite-test/component/uart" -I"/home/bruno/ufrgs/tcc/automator/cpp-project/tflite-test/utilities/debug_console/config" -I"/home/bruno/ufrgs/tcc/automator/cpp-project/tflite-test/component/serial_manager" -I"/home/bruno/ufrgs/tcc/automator/cpp-project/tflite-test/component/lists" -I"/home/bruno/ufrgs/tcc/automator/cpp-project/tflite-test/device/periph" -I"/home/bruno/ufrgs/tcc/automator/cpp-project/tflite-test/utilities" -I"/home/bruno/ufrgs/tcc/automator/cpp-project/tflite-test/CMSIS" -I"/home/bruno/ufrgs/tcc/automator/cpp-project/tflite-test/CMSIS/m-profile" -I"/home/bruno/ufrgs/tcc/automator/cpp-project/tflite-test/utilities/str" -I"/home/bruno/ufrgs/tcc/automator/cpp-project/tflite-test/board" -I"/home/bruno/ufrgs/tcc/automator/cpp-project/tflite-test/source" -I"/home/bruno/ufrgs/tcc/automator/cpp-project/tflite-test/tensorflow/tensorflow_headers" -I"/home/bruno/ufrgs/tcc/automator/cpp-project/tflite-test/tensorflow/third_party_headers/cmsis/CMSIS/Core/Include" -I"/home/bruno/ufrgs/tcc/automator/cpp-project/tflite-test/tensorflow/third_party_headers/cmsis_nn/Include" -I"/home/bruno/ufrgs/tcc/automator/cpp-project/tflite-test/tensorflow/third_party_headers/flatbuffers/include" -I"/home/bruno/ufrgs/tcc/automator/cpp-project/tflite-test/tensorflow/third_party_headers/gemmlowp" -I"/home/bruno/ufrgs/tcc/automator/cpp-project/tflite-test/model" -O0 -fno-common -g3 -gdwarf-4 -Wall -c -ffunction-sections -fdata-sections -fno-builtin -fno-rtti -fno-exceptions -fmerge-constants -fmacro-prefix-map="../source/"= -mcpu=cortex-m33 -mfpu=fpv5-sp-d16 -mfloat-abi=hard -mthumb -D__NEWLIB__ -fstack-usage -specs=nano.specs -MMD -MP -MF"source/cpp_config.d" -MT"source/cpp_config.o" -MT"source/cpp_config.d" -o "source/cpp_config.o" "../source/cpp_config.cpp"
Building file: ../source/semihost_hardfault.c
Invoking: MCU C Compiler
arm-none-eabi-gcc -D__NEWLIB__ -DCPU_MCXN947VDF -DCPU_MCXN947VDF_cm33 -DCPU_MCXN947VDF_cm33_core0 -DSERIAL_PORT_TYPE_UART=1 -DSDK_DEBUGCONSOLE=1 -D__MCUXPRESSO -D__USE_CMSIS -DDEBUG -I"/home/bruno/ufrgs/tcc/automator/cpp-project/tflite-test/drivers" -I"/home/bruno/ufrgs/tcc/automator/cpp-project/tflite-test/device" -I"/home/bruno/ufrgs/tcc/automator/cpp-project/tflite-test/utilities/debug_console" -I"/home/bruno/ufrgs/tcc/automator/cpp-project/tflite-test/component/uart" -I"/home/bruno/ufrgs/tcc/automator/cpp-project/tflite-test/utilities/debug_console/config" -I"/home/bruno/ufrgs/tcc/automator/cpp-project/tflite-test/component/serial_manager" -I"/home/bruno/ufrgs/tcc/automator/cpp-project/tflite-test/component/lists" -I"/home/bruno/ufrgs/tcc/automator/cpp-project/tflite-test/device/periph" -I"/home/bruno/ufrgs/tcc/automator/cpp-project/tflite-test/utilities" -I"/home/bruno/ufrgs/tcc/automator/cpp-project/tflite-test/CMSIS" -I"/home/bruno/ufrgs/tcc/automator/cpp-project/tflite-test/CMSIS/m-profile" -I"/home/bruno/ufrgs/tcc/automator/cpp-project/tflite-test/utilities/str" -I"/home/bruno/ufrgs/tcc/automator/cpp-project/tflite-test/board" -I"/home/bruno/ufrgs/tcc/automator/cpp-project/tflite-test/source" -O0 -fno-common -g3 -gdwarf-4 -Wall -c -ffunction-sections -fdata-sections -fno-builtin -fmerge-constants -fmacro-prefix-map="../source/"= -mcpu=cortex-m33 -mfpu=fpv5-sp-d16 -mfloat-abi=hard -mthumb -D__NEWLIB__ -fstack-usage -specs=nano.specs -MMD -MP -MF"source/semihost_hardfault.d" -MT"source/semihost_hardfault.o" -MT"source/semihost_hardfault.d" -o "source/semihost_hardfault.o" "../source/semihost_hardfault.c"
Finished building: ../startup/boot_multicore_slave.c
 
Building file: ../model/model.cpp
Invoking: MCU C++ Compiler
arm-none-eabi-c++ -DCPU_MCXN947VDF -DCPU_MCXN947VDF_cm33 -DCPU_MCXN947VDF_cm33_core0 -DARM_MATH_CM33 -D__FPU_PRESENT=1 -DTF_LITE_STATIC_MEMORY -DSERIAL_PORT_TYPE_UART=1 -DSDK_DEBUGCONSOLE=1 -D__MCUXPRESSO -D__USE_CMSIS -DDEBUG -D__NEWLIB__ -I"/home/bruno/ufrgs/tcc/automator/cpp-project/tflite-test/drivers" -I"/home/bruno/ufrgs/tcc/automator/cpp-project/tflite-test/device" -I"/home/bruno/ufrgs/tcc/automator/cpp-project/tflite-test/utilities/debug_console" -I"/home/bruno/ufrgs/tcc/automator/cpp-project/tflite-test/component/uart" -I"/home/bruno/ufrgs/tcc/automator/cpp-project/tflite-test/utilities/debug_console/config" -I"/home/bruno/ufrgs/tcc/automator/cpp-project/tflite-test/component/serial_manager" -I"/home/bruno/ufrgs/tcc/automator/cpp-project/tflite-test/component/lists" -I"/home/bruno/ufrgs/tcc/automator/cpp-project/tflite-test/device/periph" -I"/home/bruno/ufrgs/tcc/automator/cpp-project/tflite-test/utilities" -I"/home/bruno/ufrgs/tcc/automator/cpp-project/tflite-test/CMSIS" -I"/home/bruno/ufrgs/tcc/automator/cpp-project/tflite-test/CMSIS/m-profile" -I"/home/bruno/ufrgs/tcc/automator/cpp-project/tflite-test/utilities/str" -I"/home/bruno/ufrgs/tcc/automator/cpp-project/tflite-test/board" -I"/home/bruno/ufrgs/tcc/automator/cpp-project/tflite-test/source" -I"/home/bruno/ufrgs/tcc/automator/cpp-project/tflite-test/tensorflow/tensorflow_headers" -I"/home/bruno/ufrgs/tcc/automator/cpp-project/tflite-test/tensorflow/third_party_headers/cmsis/CMSIS/Core/Include" -I"/home/bruno/ufrgs/tcc/automator/cpp-project/tflite-test/tensorflow/third_party_headers/cmsis_nn/Include" -I"/home/bruno/ufrgs/tcc/automator/cpp-project/tflite-test/tensorflow/third_party_headers/flatbuffers/include" -I"/home/bruno/ufrgs/tcc/automator/cpp-project/tflite-test/tensorflow/third_party_headers/gemmlowp" -I"/home/bruno/ufrgs/tcc/automator/cpp-project/tflite-test/model" -O0 -fno-common -g3 -gdwarf-4 -Wall -c -ffunction-sections -fdata-sections -fno-builtin -fno-rtti -fno-exceptions -fmerge-constants -fmacro-prefix-map="../model/"= -mcpu=cortex-m33 -mfpu=fpv5-sp-d16 -mfloat-abi=hard -mthumb -D__NEWLIB__ -fstack-usage -specs=nano.specs -MMD -MP -MF"model/model.d" -MT"model/model.o" -MT"model/model.d" -o "model/model.o" "../model/model.cpp"
Finished building: ../source/semihost_hardfault.c
 
Building file: ../model/quantization.cpp
Invoking: MCU C++ Compiler
arm-none-eabi-c++ -DCPU_MCXN947VDF -DCPU_MCXN947VDF_cm33 -DCPU_MCXN947VDF_cm33_core0 -DARM_MATH_CM33 -D__FPU_PRESENT=1 -DTF_LITE_STATIC_MEMORY -DSERIAL_PORT_TYPE_UART=1 -DSDK_DEBUGCONSOLE=1 -D__MCUXPRESSO -D__USE_CMSIS -DDEBUG -D__NEWLIB__ -I"/home/bruno/ufrgs/tcc/automator/cpp-project/tflite-test/drivers" -I"/home/bruno/ufrgs/tcc/automator/cpp-project/tflite-test/device" -I"/home/bruno/ufrgs/tcc/automator/cpp-project/tflite-test/utilities/debug_console" -I"/home/bruno/ufrgs/tcc/automator/cpp-project/tflite-test/component/uart" -I"/home/bruno/ufrgs/tcc/automator/cpp-project/tflite-test/utilities/debug_console/config" -I"/home/bruno/ufrgs/tcc/automator/cpp-project/tflite-test/component/serial_manager" -I"/home/bruno/ufrgs/tcc/automator/cpp-project/tflite-test/component/lists" -I"/home/bruno/ufrgs/tcc/automator/cpp-project/tflite-test/device/periph" -I"/home/bruno/ufrgs/tcc/automator/cpp-project/tflite-test/utilities" -I"/home/bruno/ufrgs/tcc/automator/cpp-project/tflite-test/CMSIS" -I"/home/bruno/ufrgs/tcc/automator/cpp-project/tflite-test/CMSIS/m-profile" -I"/home/bruno/ufrgs/tcc/automator/cpp-project/tflite-test/utilities/str" -I"/home/bruno/ufrgs/tcc/automator/cpp-project/tflite-test/board" -I"/home/bruno/ufrgs/tcc/automator/cpp-project/tflite-test/source" -I"/home/bruno/ufrgs/tcc/automator/cpp-project/tflite-test/tensorflow/tensorflow_headers" -I"/home/bruno/ufrgs/tcc/automator/cpp-project/tflite-test/tensorflow/third_party_headers/cmsis/CMSIS/Core/Include" -I"/home/bruno/ufrgs/tcc/automator/cpp-project/tflite-test/tensorflow/third_party_headers/cmsis_nn/Include" -I"/home/bruno/ufrgs/tcc/automator/cpp-project/tflite-test/tensorflow/third_party_headers/flatbuffers/include" -I"/home/bruno/ufrgs/tcc/automator/cpp-project/tflite-test/tensorflow/third_party_headers/gemmlowp" -I"/home/bruno/ufrgs/tcc/automator/cpp-project/tflite-test/model" -O0 -fno-common -g3 -gdwarf-4 -Wall -c -ffunction-sections -fdata-sections -fno-builtin -fno-rtti -fno-exceptions -fmerge-constants -fmacro-prefix-map="../model/"= -mcpu=cortex-m33 -mfpu=fpv5-sp-d16 -mfloat-abi=hard -mthumb -D__NEWLIB__ -fstack-usage -specs=nano.specs -MMD -MP -MF"model/quantization.d" -MT"model/quantization.o" -MT"model/quantization.d" -o "model/quantization.o" "../model/quantization.cpp"
Finished building: ../source/cpp_config.cpp
 
Building file: ../model/serial_io.cpp
Invoking: MCU C++ Compiler
arm-none-eabi-c++ -DCPU_MCXN947VDF -DCPU_MCXN947VDF_cm33 -DCPU_MCXN947VDF_cm33_core0 -DARM_MATH_CM33 -D__FPU_PRESENT=1 -DTF_LITE_STATIC_MEMORY -DSERIAL_PORT_TYPE_UART=1 -DSDK_DEBUGCONSOLE=1 -D__MCUXPRESSO -D__USE_CMSIS -DDEBUG -D__NEWLIB__ -I"/home/bruno/ufrgs/tcc/automator/cpp-project/tflite-test/drivers" -I"/home/bruno/ufrgs/tcc/automator/cpp-project/tflite-test/device" -I"/home/bruno/ufrgs/tcc/automator/cpp-project/tflite-test/utilities/debug_console" -I"/home/bruno/ufrgs/tcc/automator/cpp-project/tflite-test/component/uart" -I"/home/bruno/ufrgs/tcc/automator/cpp-project/tflite-test/utilities/debug_console/config" -I"/home/bruno/ufrgs/tcc/automator/cpp-project/tflite-test/component/serial_manager" -I"/home/bruno/ufrgs/tcc/automator/cpp-project/tflite-test/component/lists" -I"/home/bruno/ufrgs/tcc/automator/cpp-project/tflite-test/device/periph" -I"/home/bruno/ufrgs/tcc/automator/cpp-project/tflite-test/utilities" -I"/home/bruno/ufrgs/tcc/automator/cpp-project/tflite-test/CMSIS" -I"/home/bruno/ufrgs/tcc/automator/cpp-project/tflite-test/CMSIS/m-profile" -I"/home/bruno/ufrgs/tcc/automator/cpp-project/tflite-test/utilities/str" -I"/home/bruno/ufrgs/tcc/automator/cpp-project/tflite-test/board" -I"/home/bruno/ufrgs/tcc/automator/cpp-project/tflite-test/source" -I"/home/bruno/ufrgs/tcc/automator/cpp-project/tflite-test/tensorflow/tensorflow_headers" -I"/home/bruno/ufrgs/tcc/automator/cpp-project/tflite-test/tensorflow/third_party_headers/cmsis/CMSIS/Core/Include" -I"/home/bruno/ufrgs/tcc/automator/cpp-project/tflite-test/tensorflow/third_party_headers/cmsis_nn/Include" -I"/home/bruno/ufrgs/tcc/automator/cpp-project/tflite-test/tensorflow/third_party_headers/flatbuffers/include" -I"/home/bruno/ufrgs/tcc/automator/cpp-project/tflite-test/tensorflow/third_party_headers/gemmlowp" -I"/home/bruno/ufrgs/tcc/automator/cpp-project/tflite-test/model" -O0 -fno-common -g3 -gdwarf-4 -Wall -c -ffunction-sections -fdata-sections -fno-builtin -fno-rtti -fno-exceptions -fmerge-constants -fmacro-prefix-map="../model/"= -mcpu=cortex-m33 -mfpu=fpv5-sp-d16 -mfloat-abi=hard -mthumb -D__NEWLIB__ -fstack-usage -specs=nano.specs -MMD -MP -MF"model/serial_io.d" -MT"model/serial_io.o" -MT"model/serial_io.d" -o "model/serial_io.o" "../model/serial_io.cpp"
Finished building: ../startup/startup_mcxn947_cm33_core0.cpp
 
Building file: ../model/timer.cpp
Invoking: MCU C++ Compiler
arm-none-eabi-c++ -DCPU_MCXN947VDF -DCPU_MCXN947VDF_cm33 -DCPU_MCXN947VDF_cm33_core0 -DARM_MATH_CM33 -D__FPU_PRESENT=1 -DTF_LITE_STATIC_MEMORY -DSERIAL_PORT_TYPE_UART=1 -DSDK_DEBUGCONSOLE=1 -D__MCUXPRESSO -D__USE_CMSIS -DDEBUG -D__NEWLIB__ -I"/home/bruno/ufrgs/tcc/automator/cpp-project/tflite-test/drivers" -I"/home/bruno/ufrgs/tcc/automator/cpp-project/tflite-test/device" -I"/home/bruno/ufrgs/tcc/automator/cpp-project/tflite-test/utilities/debug_console" -I"/home/bruno/ufrgs/tcc/automator/cpp-project/tflite-test/component/uart" -I"/home/bruno/ufrgs/tcc/automator/cpp-project/tflite-test/utilities/debug_console/config" -I"/home/bruno/ufrgs/tcc/automator/cpp-project/tflite-test/component/serial_manager" -I"/home/bruno/ufrgs/tcc/automator/cpp-project/tflite-test/component/lists" -I"/home/bruno/ufrgs/tcc/automator/cpp-project/tflite-test/device/periph" -I"/home/bruno/ufrgs/tcc/automator/cpp-project/tflite-test/utilities" -I"/home/bruno/ufrgs/tcc/automator/cpp-project/tflite-test/CMSIS" -I"/home/bruno/ufrgs/tcc/automator/cpp-project/tflite-test/CMSIS/m-profile" -I"/home/bruno/ufrgs/tcc/automator/cpp-project/tflite-test/utilities/str" -I"/home/bruno/ufrgs/tcc/automator/cpp-project/tflite-test/board" -I"/home/bruno/ufrgs/tcc/automator/cpp-project/tflite-test/source" -I"/home/bruno/ufrgs/tcc/automator/cpp-project/tflite-test/tensorflow/tensorflow_headers" -I"/home/bruno/ufrgs/tcc/automator/cpp-project/tflite-test/tensorflow/third_party_headers/cmsis/CMSIS/Core/Include" -I"/home/bruno/ufrgs/tcc/automator/cpp-project/tflite-test/tensorflow/third_party_headers/cmsis_nn/Include" -I"/home/bruno/ufrgs/tcc/automator/cpp-project/tflite-test/tensorflow/third_party_headers/flatbuffers/include" -I"/home/bruno/ufrgs/tcc/automator/cpp-project/tflite-test/tensorflow/third_party_headers/gemmlowp" -I"/home/bruno/ufrgs/tcc/automator/cpp-project/tflite-test/model" -O0 -fno-common -g3 -gdwarf-4 -Wall -c -ffunction-sections -fdata-sections -fno-builtin -fno-rtti -fno-exceptions -fmerge-constants -fmacro-prefix-map="../model/"= -mcpu=cortex-m33 -mfpu=fpv5-sp-d16 -mfloat-abi=hard -mthumb -D__NEWLIB__ -fstack-usage -specs=nano.specs -MMD -MP -MF"model/timer.d" -MT"model/timer.o" -MT"model/timer.d" -o "model/timer.o" "../model/timer.cpp"
Finished building: ../utilities/fsl_assert.c
 
Building file: ../drivers/fsl_clock.c
Invoking: MCU C Compiler
arm-none-eabi-gcc -D__NEWLIB__ -DCPU_MCXN947VDF -DCPU_MCXN947VDF_cm33 -DCPU_MCXN947VDF_cm33_core0 -DSERIAL_PORT_TYPE_UART=1 -DSDK_DEBUGCONSOLE=1 -D__MCUXPRESSO -D__USE_CMSIS -DDEBUG -I"/home/bruno/ufrgs/tcc/automator/cpp-project/tflite-test/drivers" -I"/home/bruno/ufrgs/tcc/automator/cpp-project/tflite-test/device" -I"/home/bruno/ufrgs/tcc/automator/cpp-project/tflite-test/utilities/debug_console" -I"/home/bruno/ufrgs/tcc/automator/cpp-project/tflite-test/component/uart" -I"/home/bruno/ufrgs/tcc/automator/cpp-project/tflite-test/utilities/debug_console/config" -I"/home/bruno/ufrgs/tcc/automator/cpp-project/tflite-test/component/serial_manager" -I"/home/bruno/ufrgs/tcc/automator/cpp-project/tflite-test/component/lists" -I"/home/bruno/ufrgs/tcc/automator/cpp-project/tflite-test/device/periph" -I"/home/bruno/ufrgs/tcc/automator/cpp-project/tflite-test/utilities" -I"/home/bruno/ufrgs/tcc/automator/cpp-project/tflite-test/CMSIS" -I"/home/bruno/ufrgs/tcc/automator/cpp-project/tflite-test/CMSIS/m-profile" -I"/home/bruno/ufrgs/tcc/automator/cpp-project/tflite-test/utilities/str" -I"/home/bruno/ufrgs/tcc/automator/cpp-project/tflite-test/board" -I"/home/bruno/ufrgs/tcc/automator/cpp-project/tflite-test/source" -O0 -fno-common -g3 -gdwarf-4 -Wall -c -ffunction-sections -fdata-sections -fno-builtin -fmerge-constants -fmacro-prefix-map="../drivers/"= -mcpu=cortex-m33 -mfpu=fpv5-sp-d16 -mfloat-abi=hard -mthumb -D__NEWLIB__ -fstack-usage -specs=nano.specs -MMD -MP -MF"drivers/fsl_clock.d" -MT"drivers/fsl_clock.o" -MT"drivers/fsl_clock.d" -o "drivers/fsl_clock.o" "../drivers/fsl_clock.c"
Finished building: ../utilities/debug_console/fsl_debug_console.c
 
Building file: ../drivers/fsl_common.c
Invoking: MCU C Compiler
arm-none-eabi-gcc -D__NEWLIB__ -DCPU_MCXN947VDF -DCPU_MCXN947VDF_cm33 -DCPU_MCXN947VDF_cm33_core0 -DSERIAL_PORT_TYPE_UART=1 -DSDK_DEBUGCONSOLE=1 -D__MCUXPRESSO -D__USE_CMSIS -DDEBUG -I"/home/bruno/ufrgs/tcc/automator/cpp-project/tflite-test/drivers" -I"/home/bruno/ufrgs/tcc/automator/cpp-project/tflite-test/device" -I"/home/bruno/ufrgs/tcc/automator/cpp-project/tflite-test/utilities/debug_console" -I"/home/bruno/ufrgs/tcc/automator/cpp-project/tflite-test/component/uart" -I"/home/bruno/ufrgs/tcc/automator/cpp-project/tflite-test/utilities/debug_console/config" -I"/home/bruno/ufrgs/tcc/automator/cpp-project/tflite-test/component/serial_manager" -I"/home/bruno/ufrgs/tcc/automator/cpp-project/tflite-test/component/lists" -I"/home/bruno/ufrgs/tcc/automator/cpp-project/tflite-test/device/periph" -I"/home/bruno/ufrgs/tcc/automator/cpp-project/tflite-test/utilities" -I"/home/bruno/ufrgs/tcc/automator/cpp-project/tflite-test/CMSIS" -I"/home/bruno/ufrgs/tcc/automator/cpp-project/tflite-test/CMSIS/m-profile" -I"/home/bruno/ufrgs/tcc/automator/cpp-project/tflite-test/utilities/str" -I"/home/bruno/ufrgs/tcc/automator/cpp-project/tflite-test/board" -I"/home/bruno/ufrgs/tcc/automator/cpp-project/tflite-test/source" -O0 -fno-common -g3 -gdwarf-4 -Wall -c -ffunction-sections -fdata-sections -fno-builtin -fmerge-constants -fmacro-prefix-map="../drivers/"= -mcpu=cortex-m33 -mfpu=fpv5-sp-d16 -mfloat-abi=hard -mthumb -D__NEWLIB__ -fstack-usage -specs=nano.specs -MMD -MP -MF"drivers/fsl_common.d" -MT"drivers/fsl_common.o" -MT"drivers/fsl_common.d" -o "drivers/fsl_common.o" "../drivers/fsl_common.c"
Finished building: ../model/quantization.cpp
 
Building file: ../drivers/fsl_common_arm.c
Invoking: MCU C Compiler
arm-none-eabi-gcc -D__NEWLIB__ -DCPU_MCXN947VDF -DCPU_MCXN947VDF_cm33 -DCPU_MCXN947VDF_cm33_core0 -DSERIAL_PORT_TYPE_UART=1 -DSDK_DEBUGCONSOLE=1 -D__MCUXPRESSO -D__USE_CMSIS -DDEBUG -I"/home/bruno/ufrgs/tcc/automator/cpp-project/tflite-test/drivers" -I"/home/bruno/ufrgs/tcc/automator/cpp-project/tflite-test/device" -I"/home/bruno/ufrgs/tcc/automator/cpp-project/tflite-test/utilities/debug_console" -I"/home/bruno/ufrgs/tcc/automator/cpp-project/tflite-test/component/uart" -I"/home/bruno/ufrgs/tcc/automator/cpp-project/tflite-test/utilities/debug_console/config" -I"/home/bruno/ufrgs/tcc/automator/cpp-project/tflite-test/component/serial_manager" -I"/home/bruno/ufrgs/tcc/automator/cpp-project/tflite-test/component/lists" -I"/home/bruno/ufrgs/tcc/automator/cpp-project/tflite-test/device/periph" -I"/home/bruno/ufrgs/tcc/automator/cpp-project/tflite-test/utilities" -I"/home/bruno/ufrgs/tcc/automator/cpp-project/tflite-test/CMSIS" -I"/home/bruno/ufrgs/tcc/automator/cpp-project/tflite-test/CMSIS/m-profile" -I"/home/bruno/ufrgs/tcc/automator/cpp-project/tflite-test/utilities/str" -I"/home/bruno/ufrgs/tcc/automator/cpp-project/tflite-test/board" -I"/home/bruno/ufrgs/tcc/automator/cpp-project/tflite-test/source" -O0 -fno-common -g3 -gdwarf-4 -Wall -c -ffunction-sections -fdata-sections -fno-builtin -fmerge-constants -fmacro-prefix-map="../drivers/"= -mcpu=cortex-m33 -mfpu=fpv5-sp-d16 -mfloat-abi=hard -mthumb -D__NEWLIB__ -fstack-usage -specs=nano.specs -MMD -MP -MF"drivers/fsl_common_arm.d" -MT"drivers/fsl_common_arm.o" -MT"drivers/fsl_common_arm.d" -o "drivers/fsl_common_arm.o" "../drivers/fsl_common_arm.c"
Finished building: ../utilities/str/fsl_str.c
 
Building file: ../drivers/fsl_ctimer.c
Invoking: MCU C Compiler
arm-none-eabi-gcc -D__NEWLIB__ -DCPU_MCXN947VDF -DCPU_MCXN947VDF_cm33 -DCPU_MCXN947VDF_cm33_core0 -DSERIAL_PORT_TYPE_UART=1 -DSDK_DEBUGCONSOLE=1 -D__MCUXPRESSO -D__USE_CMSIS -DDEBUG -I"/home/bruno/ufrgs/tcc/automator/cpp-project/tflite-test/drivers" -I"/home/bruno/ufrgs/tcc/automator/cpp-project/tflite-test/device" -I"/home/bruno/ufrgs/tcc/automator/cpp-project/tflite-test/utilities/debug_console" -I"/home/bruno/ufrgs/tcc/automator/cpp-project/tflite-test/component/uart" -I"/home/bruno/ufrgs/tcc/automator/cpp-project/tflite-test/utilities/debug_console/config" -I"/home/bruno/ufrgs/tcc/automator/cpp-project/tflite-test/component/serial_manager" -I"/home/bruno/ufrgs/tcc/automator/cpp-project/tflite-test/component/lists" -I"/home/bruno/ufrgs/tcc/automator/cpp-project/tflite-test/device/periph" -I"/home/bruno/ufrgs/tcc/automator/cpp-project/tflite-test/utilities" -I"/home/bruno/ufrgs/tcc/automator/cpp-project/tflite-test/CMSIS" -I"/home/bruno/ufrgs/tcc/automator/cpp-project/tflite-test/CMSIS/m-profile" -I"/home/bruno/ufrgs/tcc/automator/cpp-project/tflite-test/utilities/str" -I"/home/bruno/ufrgs/tcc/automator/cpp-project/tflite-test/board" -I"/home/bruno/ufrgs/tcc/automator/cpp-project/tflite-test/source" -O0 -fno-common -g3 -gdwarf-4 -Wall -c -ffunction-sections -fdata-sections -fno-builtin -fmerge-constants -fmacro-prefix-map="../drivers/"= -mcpu=cortex-m33 -mfpu=fpv5-sp-d16 -mfloat-abi=hard -mthumb -D__NEWLIB__ -fstack-usage -specs=nano.specs -MMD -MP -MF"drivers/fsl_ctimer.d" -MT"drivers/fsl_ctimer.o" -MT"drivers/fsl_ctimer.d" -o "drivers/fsl_ctimer.o" "../drivers/fsl_ctimer.c"
Finished building: ../model/serial_io.cpp
 
Building file: ../drivers/fsl_gpio.c
Invoking: MCU C Compiler
arm-none-eabi-gcc -D__NEWLIB__ -DCPU_MCXN947VDF -DCPU_MCXN947VDF_cm33 -DCPU_MCXN947VDF_cm33_core0 -DSERIAL_PORT_TYPE_UART=1 -DSDK_DEBUGCONSOLE=1 -D__MCUXPRESSO -D__USE_CMSIS -DDEBUG -I"/home/bruno/ufrgs/tcc/automator/cpp-project/tflite-test/drivers" -I"/home/bruno/ufrgs/tcc/automator/cpp-project/tflite-test/device" -I"/home/bruno/ufrgs/tcc/automator/cpp-project/tflite-test/utilities/debug_console" -I"/home/bruno/ufrgs/tcc/automator/cpp-project/tflite-test/component/uart" -I"/home/bruno/ufrgs/tcc/automator/cpp-project/tflite-test/utilities/debug_console/config" -I"/home/bruno/ufrgs/tcc/automator/cpp-project/tflite-test/component/serial_manager" -I"/home/bruno/ufrgs/tcc/automator/cpp-project/tflite-test/component/lists" -I"/home/bruno/ufrgs/tcc/automator/cpp-project/tflite-test/device/periph" -I"/home/bruno/ufrgs/tcc/automator/cpp-project/tflite-test/utilities" -I"/home/bruno/ufrgs/tcc/automator/cpp-project/tflite-test/CMSIS" -I"/home/bruno/ufrgs/tcc/automator/cpp-project/tflite-test/CMSIS/m-profile" -I"/home/bruno/ufrgs/tcc/automator/cpp-project/tflite-test/utilities/str" -I"/home/bruno/ufrgs/tcc/automator/cpp-project/tflite-test/board" -I"/home/bruno/ufrgs/tcc/automator/cpp-project/tflite-test/source" -O0 -fno-common -g3 -gdwarf-4 -Wall -c -ffunction-sections -fdata-sections -fno-builtin -fmerge-constants -fmacro-prefix-map="../drivers/"= -mcpu=cortex-m33 -mfpu=fpv5-sp-d16 -mfloat-abi=hard -mthumb -D__NEWLIB__ -fstack-usage -specs=nano.specs -MMD -MP -MF"drivers/fsl_gpio.d" -MT"drivers/fsl_gpio.o" -MT"drivers/fsl_gpio.d" -o "drivers/fsl_gpio.o" "../drivers/fsl_gpio.c"
Finished building: ../drivers/fsl_clock.c
Finished building: ../model/timer.cpp
 
 
Building file: ../drivers/fsl_lpflexcomm.c
Invoking: MCU C Compiler
arm-none-eabi-gcc -D__NEWLIB__ -DCPU_MCXN947VDF -DCPU_MCXN947VDF_cm33 -DCPU_MCXN947VDF_cm33_core0 -DSERIAL_PORT_TYPE_UART=1 -DSDK_DEBUGCONSOLE=1 -D__MCUXPRESSO -D__USE_CMSIS -DDEBUG -I"/home/bruno/ufrgs/tcc/automator/cpp-project/tflite-test/drivers" -I"/home/bruno/ufrgs/tcc/automator/cpp-project/tflite-test/device" -I"/home/bruno/ufrgs/tcc/automator/cpp-project/tflite-test/utilities/debug_console" -I"/home/bruno/ufrgs/tcc/automator/cpp-project/tflite-test/component/uart" -I"/home/bruno/ufrgs/tcc/automator/cpp-project/tflite-test/utilities/debug_console/config" -I"/home/bruno/ufrgs/tcc/automator/cpp-project/tflite-test/component/serial_manager" -I"/home/bruno/ufrgs/tcc/automator/cpp-project/tflite-test/component/lists" -I"/home/bruno/ufrgs/tcc/automator/cpp-project/tflite-test/device/periph" -I"/home/bruno/ufrgs/tcc/automator/cpp-project/tflite-test/utilities" -I"/home/bruno/ufrgs/tcc/automator/cpp-project/tflite-test/CMSIS" -I"/home/bruno/ufrgs/tcc/automator/cpp-project/tflite-test/CMSIS/m-profile" -I"/home/bruno/ufrgs/tcc/automator/cpp-project/tflite-test/utilities/str" -I"/home/bruno/ufrgs/tcc/automator/cpp-project/tflite-test/board" -I"/home/bruno/ufrgs/tcc/automator/cpp-project/tflite-test/source" -O0 -fno-common -g3 -gdwarf-4 -Wall -c -ffunction-sections -fdata-sections -fno-builtin -fmerge-constants -fmacro-prefix-map="../drivers/"= -mcpu=cortex-m33 -mfpu=fpv5-sp-d16 -mfloat-abi=hard -mthumb -D__NEWLIB__ -fstack-usage -specs=nano.specs -MMD -MP -MF"drivers/fsl_lpflexcomm.d" -MT"drivers/fsl_lpflexcomm.o" -MT"drivers/fsl_lpflexcomm.d" -o "drivers/fsl_lpflexcomm.o" "../drivers/fsl_lpflexcomm.c"
Building file: ../drivers/fsl_lpi2c.c
Invoking: MCU C Compiler
arm-none-eabi-gcc -D__NEWLIB__ -DCPU_MCXN947VDF -DCPU_MCXN947VDF_cm33 -DCPU_MCXN947VDF_cm33_core0 -DSERIAL_PORT_TYPE_UART=1 -DSDK_DEBUGCONSOLE=1 -D__MCUXPRESSO -D__USE_CMSIS -DDEBUG -I"/home/bruno/ufrgs/tcc/automator/cpp-project/tflite-test/drivers" -I"/home/bruno/ufrgs/tcc/automator/cpp-project/tflite-test/device" -I"/home/bruno/ufrgs/tcc/automator/cpp-project/tflite-test/utilities/debug_console" -I"/home/bruno/ufrgs/tcc/automator/cpp-project/tflite-test/component/uart" -I"/home/bruno/ufrgs/tcc/automator/cpp-project/tflite-test/utilities/debug_console/config" -I"/home/bruno/ufrgs/tcc/automator/cpp-project/tflite-test/component/serial_manager" -I"/home/bruno/ufrgs/tcc/automator/cpp-project/tflite-test/component/lists" -I"/home/bruno/ufrgs/tcc/automator/cpp-project/tflite-test/device/periph" -I"/home/bruno/ufrgs/tcc/automator/cpp-project/tflite-test/utilities" -I"/home/bruno/ufrgs/tcc/automator/cpp-project/tflite-test/CMSIS" -I"/home/bruno/ufrgs/tcc/automator/cpp-project/tflite-test/CMSIS/m-profile" -I"/home/bruno/ufrgs/tcc/automator/cpp-project/tflite-test/utilities/str" -I"/home/bruno/ufrgs/tcc/automator/cpp-project/tflite-test/board" -I"/home/bruno/ufrgs/tcc/automator/cpp-project/tflite-test/source" -O0 -fno-common -g3 -gdwarf-4 -Wall -c -ffunction-sections -fdata-sections -fno-builtin -fmerge-constants -fmacro-prefix-map="../drivers/"= -mcpu=cortex-m33 -mfpu=fpv5-sp-d16 -mfloat-abi=hard -mthumb -D__NEWLIB__ -fstack-usage -specs=nano.specs -MMD -MP -MF"drivers/fsl_lpi2c.d" -MT"drivers/fsl_lpi2c.o" -MT"drivers/fsl_lpi2c.d" -o "drivers/fsl_lpi2c.o" "../drivers/fsl_lpi2c.c"
Finished building: ../drivers/fsl_common_arm.c
 
Building file: ../drivers/fsl_lpspi.c
Invoking: MCU C Compiler
arm-none-eabi-gcc -D__NEWLIB__ -DCPU_MCXN947VDF -DCPU_MCXN947VDF_cm33 -DCPU_MCXN947VDF_cm33_core0 -DSERIAL_PORT_TYPE_UART=1 -DSDK_DEBUGCONSOLE=1 -D__MCUXPRESSO -D__USE_CMSIS -DDEBUG -I"/home/bruno/ufrgs/tcc/automator/cpp-project/tflite-test/drivers" -I"/home/bruno/ufrgs/tcc/automator/cpp-project/tflite-test/device" -I"/home/bruno/ufrgs/tcc/automator/cpp-project/tflite-test/utilities/debug_console" -I"/home/bruno/ufrgs/tcc/automator/cpp-project/tflite-test/component/uart" -I"/home/bruno/ufrgs/tcc/automator/cpp-project/tflite-test/utilities/debug_console/config" -I"/home/bruno/ufrgs/tcc/automator/cpp-project/tflite-test/component/serial_manager" -I"/home/bruno/ufrgs/tcc/automator/cpp-project/tflite-test/component/lists" -I"/home/bruno/ufrgs/tcc/automator/cpp-project/tflite-test/device/periph" -I"/home/bruno/ufrgs/tcc/automator/cpp-project/tflite-test/utilities" -I"/home/bruno/ufrgs/tcc/automator/cpp-project/tflite-test/CMSIS" -I"/home/bruno/ufrgs/tcc/automator/cpp-project/tflite-test/CMSIS/m-profile" -I"/home/bruno/ufrgs/tcc/automator/cpp-project/tflite-test/utilities/str" -I"/home/bruno/ufrgs/tcc/automator/cpp-project/tflite-test/board" -I"/home/bruno/ufrgs/tcc/automator/cpp-project/tflite-test/source" -O0 -fno-common -g3 -gdwarf-4 -Wall -c -ffunction-sections -fdata-sections -fno-builtin -fmerge-constants -fmacro-prefix-map="../drivers/"= -mcpu=cortex-m33 -mfpu=fpv5-sp-d16 -mfloat-abi=hard -mthumb -D__NEWLIB__ -fstack-usage -specs=nano.specs -MMD -MP -MF"drivers/fsl_lpspi.d" -MT"drivers/fsl_lpspi.o" -MT"drivers/fsl_lpspi.d" -o "drivers/fsl_lpspi.o" "../drivers/fsl_lpspi.c"
Finished building: ../drivers/fsl_common.c
 
Building file: ../drivers/fsl_lpuart.c
Invoking: MCU C Compiler
arm-none-eabi-gcc -D__NEWLIB__ -DCPU_MCXN947VDF -DCPU_MCXN947VDF_cm33 -DCPU_MCXN947VDF_cm33_core0 -DSERIAL_PORT_TYPE_UART=1 -DSDK_DEBUGCONSOLE=1 -D__MCUXPRESSO -D__USE_CMSIS -DDEBUG -I"/home/bruno/ufrgs/tcc/automator/cpp-project/tflite-test/drivers" -I"/home/bruno/ufrgs/tcc/automator/cpp-project/tflite-test/device" -I"/home/bruno/ufrgs/tcc/automator/cpp-project/tflite-test/utilities/debug_console" -I"/home/bruno/ufrgs/tcc/automator/cpp-project/tflite-test/component/uart" -I"/home/bruno/ufrgs/tcc/automator/cpp-project/tflite-test/utilities/debug_console/config" -I"/home/bruno/ufrgs/tcc/automator/cpp-project/tflite-test/component/serial_manager" -I"/home/bruno/ufrgs/tcc/automator/cpp-project/tflite-test/component/lists" -I"/home/bruno/ufrgs/tcc/automator/cpp-project/tflite-test/device/periph" -I"/home/bruno/ufrgs/tcc/automator/cpp-project/tflite-test/utilities" -I"/home/bruno/ufrgs/tcc/automator/cpp-project/tflite-test/CMSIS" -I"/home/bruno/ufrgs/tcc/automator/cpp-project/tflite-test/CMSIS/m-profile" -I"/home/bruno/ufrgs/tcc/automator/cpp-project/tflite-test/utilities/str" -I"/home/bruno/ufrgs/tcc/automator/cpp-project/tflite-test/board" -I"/home/bruno/ufrgs/tcc/automator/cpp-project/tflite-test/source" -O0 -fno-common -g3 -gdwarf-4 -Wall -c -ffunction-sections -fdata-sections -fno-builtin -fmerge-constants -fmacro-prefix-map="../drivers/"= -mcpu=cortex-m33 -mfpu=fpv5-sp-d16 -mfloat-abi=hard -mthumb -D__NEWLIB__ -fstack-usage -specs=nano.specs -MMD -MP -MF"drivers/fsl_lpuart.d" -MT"drivers/fsl_lpuart.o" -MT"drivers/fsl_lpuart.d" -o "drivers/fsl_lpuart.o" "../drivers/fsl_lpuart.c"
Finished building: ../drivers/fsl_gpio.c
 
Building file: ../drivers/fsl_reset.c
Invoking: MCU C Compiler
arm-none-eabi-gcc -D__NEWLIB__ -DCPU_MCXN947VDF -DCPU_MCXN947VDF_cm33 -DCPU_MCXN947VDF_cm33_core0 -DSERIAL_PORT_TYPE_UART=1 -DSDK_DEBUGCONSOLE=1 -D__MCUXPRESSO -D__USE_CMSIS -DDEBUG -I"/home/bruno/ufrgs/tcc/automator/cpp-project/tflite-test/drivers" -I"/home/bruno/ufrgs/tcc/automator/cpp-project/tflite-test/device" -I"/home/bruno/ufrgs/tcc/automator/cpp-project/tflite-test/utilities/debug_console" -I"/home/bruno/ufrgs/tcc/automator/cpp-project/tflite-test/component/uart" -I"/home/bruno/ufrgs/tcc/automator/cpp-project/tflite-test/utilities/debug_console/config" -I"/home/bruno/ufrgs/tcc/automator/cpp-project/tflite-test/component/serial_manager" -I"/home/bruno/ufrgs/tcc/automator/cpp-project/tflite-test/component/lists" -I"/home/bruno/ufrgs/tcc/automator/cpp-project/tflite-test/device/periph" -I"/home/bruno/ufrgs/tcc/automator/cpp-project/tflite-test/utilities" -I"/home/bruno/ufrgs/tcc/automator/cpp-project/tflite-test/CMSIS" -I"/home/bruno/ufrgs/tcc/automator/cpp-project/tflite-test/CMSIS/m-profile" -I"/home/bruno/ufrgs/tcc/automator/cpp-project/tflite-test/utilities/str" -I"/home/bruno/ufrgs/tcc/automator/cpp-project/tflite-test/board" -I"/home/bruno/ufrgs/tcc/automator/cpp-project/tflite-test/source" -O0 -fno-common -g3 -gdwarf-4 -Wall -c -ffunction-sections -fdata-sections -fno-builtin -fmerge-constants -fmacro-prefix-map="../drivers/"= -mcpu=cortex-m33 -mfpu=fpv5-sp-d16 -mfloat-abi=hard -mthumb -D__NEWLIB__ -fstack-usage -specs=nano.specs -MMD -MP -MF"drivers/fsl_reset.d" -MT"drivers/fsl_reset.o" -MT"drivers/fsl_reset.d" -o "drivers/fsl_reset.o" "../drivers/fsl_reset.c"
Finished building: ../drivers/fsl_ctimer.c
 
Building file: ../drivers/fsl_spc.c
Invoking: MCU C Compiler
arm-none-eabi-gcc -D__NEWLIB__ -DCPU_MCXN947VDF -DCPU_MCXN947VDF_cm33 -DCPU_MCXN947VDF_cm33_core0 -DSERIAL_PORT_TYPE_UART=1 -DSDK_DEBUGCONSOLE=1 -D__MCUXPRESSO -D__USE_CMSIS -DDEBUG -I"/home/bruno/ufrgs/tcc/automator/cpp-project/tflite-test/drivers" -I"/home/bruno/ufrgs/tcc/automator/cpp-project/tflite-test/device" -I"/home/bruno/ufrgs/tcc/automator/cpp-project/tflite-test/utilities/debug_console" -I"/home/bruno/ufrgs/tcc/automator/cpp-project/tflite-test/component/uart" -I"/home/bruno/ufrgs/tcc/automator/cpp-project/tflite-test/utilities/debug_console/config" -I"/home/bruno/ufrgs/tcc/automator/cpp-project/tflite-test/component/serial_manager" -I"/home/bruno/ufrgs/tcc/automator/cpp-project/tflite-test/component/lists" -I"/home/bruno/ufrgs/tcc/automator/cpp-project/tflite-test/device/periph" -I"/home/bruno/ufrgs/tcc/automator/cpp-project/tflite-test/utilities" -I"/home/bruno/ufrgs/tcc/automator/cpp-project/tflite-test/CMSIS" -I"/home/bruno/ufrgs/tcc/automator/cpp-project/tflite-test/CMSIS/m-profile" -I"/home/bruno/ufrgs/tcc/automator/cpp-project/tflite-test/utilities/str" -I"/home/bruno/ufrgs/tcc/automator/cpp-project/tflite-test/board" -I"/home/bruno/ufrgs/tcc/automator/cpp-project/tflite-test/source" -O0 -fno-common -g3 -gdwarf-4 -Wall -c -ffunction-sections -fdata-sections -fno-builtin -fmerge-constants -fmacro-prefix-map="../drivers/"= -mcpu=cortex-m33 -mfpu=fpv5-sp-d16 -mfloat-abi=hard -mthumb -D__NEWLIB__ -fstack-usage -specs=nano.specs -MMD -MP -MF"drivers/fsl_spc.d" -MT"drivers/fsl_spc.o" -MT"drivers/fsl_spc.d" -o "drivers/fsl_spc.o" "../drivers/fsl_spc.c"
Finished building: ../drivers/fsl_reset.c
 
Building file: ../device/system_MCXN947_cm33_core0.c
Invoking: MCU C Compiler
arm-none-eabi-gcc -D__NEWLIB__ -DCPU_MCXN947VDF -DCPU_MCXN947VDF_cm33 -DCPU_MCXN947VDF_cm33_core0 -DSERIAL_PORT_TYPE_UART=1 -DSDK_DEBUGCONSOLE=1 -D__MCUXPRESSO -D__USE_CMSIS -DDEBUG -I"/home/bruno/ufrgs/tcc/automator/cpp-project/tflite-test/drivers" -I"/home/bruno/ufrgs/tcc/automator/cpp-project/tflite-test/device" -I"/home/bruno/ufrgs/tcc/automator/cpp-project/tflite-test/utilities/debug_console" -I"/home/bruno/ufrgs/tcc/automator/cpp-project/tflite-test/component/uart" -I"/home/bruno/ufrgs/tcc/automator/cpp-project/tflite-test/utilities/debug_console/config" -I"/home/bruno/ufrgs/tcc/automator/cpp-project/tflite-test/component/serial_manager" -I"/home/bruno/ufrgs/tcc/automator/cpp-project/tflite-test/component/lists" -I"/home/bruno/ufrgs/tcc/automator/cpp-project/tflite-test/device/periph" -I"/home/bruno/ufrgs/tcc/automator/cpp-project/tflite-test/utilities" -I"/home/bruno/ufrgs/tcc/automator/cpp-project/tflite-test/CMSIS" -I"/home/bruno/ufrgs/tcc/automator/cpp-project/tflite-test/CMSIS/m-profile" -I"/home/bruno/ufrgs/tcc/automator/cpp-project/tflite-test/utilities/str" -I"/home/bruno/ufrgs/tcc/automator/cpp-project/tflite-test/board" -I"/home/bruno/ufrgs/tcc/automator/cpp-project/tflite-test/source" -O0 -fno-common -g3 -gdwarf-4 -Wall -c -ffunction-sections -fdata-sections -fno-builtin -fmerge-constants -fmacro-prefix-map="../device/"= -mcpu=cortex-m33 -mfpu=fpv5-sp-d16 -mfloat-abi=hard -mthumb -D__NEWLIB__ -fstack-usage -specs=nano.specs -MMD -MP -MF"device/system_MCXN947_cm33_core0.d" -MT"device/system_MCXN947_cm33_core0.o" -MT"device/system_MCXN947_cm33_core0.d" -o "device/system_MCXN947_cm33_core0.o" "../device/system_MCXN947_cm33_core0.c"
Finished building: ../drivers/fsl_lpflexcomm.c
 
Building file: ../component/uart/fsl_adapter_lpuart.c
Invoking: MCU C Compiler
arm-none-eabi-gcc -D__NEWLIB__ -DCPU_MCXN947VDF -DCPU_MCXN947VDF_cm33 -DCPU_MCXN947VDF_cm33_core0 -DSERIAL_PORT_TYPE_UART=1 -DSDK_DEBUGCONSOLE=1 -D__MCUXPRESSO -D__USE_CMSIS -DDEBUG -I"/home/bruno/ufrgs/tcc/automator/cpp-project/tflite-test/drivers" -I"/home/bruno/ufrgs/tcc/automator/cpp-project/tflite-test/device" -I"/home/bruno/ufrgs/tcc/automator/cpp-project/tflite-test/utilities/debug_console" -I"/home/bruno/ufrgs/tcc/automator/cpp-project/tflite-test/component/uart" -I"/home/bruno/ufrgs/tcc/automator/cpp-project/tflite-test/utilities/debug_console/config" -I"/home/bruno/ufrgs/tcc/automator/cpp-project/tflite-test/component/serial_manager" -I"/home/bruno/ufrgs/tcc/automator/cpp-project/tflite-test/component/lists" -I"/home/bruno/ufrgs/tcc/automator/cpp-project/tflite-test/device/periph" -I"/home/bruno/ufrgs/tcc/automator/cpp-project/tflite-test/utilities" -I"/home/bruno/ufrgs/tcc/automator/cpp-project/tflite-test/CMSIS" -I"/home/bruno/ufrgs/tcc/automator/cpp-project/tflite-test/CMSIS/m-profile" -I"/home/bruno/ufrgs/tcc/automator/cpp-project/tflite-test/utilities/str" -I"/home/bruno/ufrgs/tcc/automator/cpp-project/tflite-test/board" -I"/home/bruno/ufrgs/tcc/automator/cpp-project/tflite-test/source" -O0 -fno-common -g3 -gdwarf-4 -Wall -c -ffunction-sections -fdata-sections -fno-builtin -fmerge-constants -fmacro-prefix-map="../component/uart/"= -mcpu=cortex-m33 -mfpu=fpv5-sp-d16 -mfloat-abi=hard -mthumb -D__NEWLIB__ -fstack-usage -specs=nano.specs -MMD -MP -MF"component/uart/fsl_adapter_lpuart.d" -MT"component/uart/fsl_adapter_lpuart.o" -MT"component/uart/fsl_adapter_lpuart.d" -o "component/uart/fsl_adapter_lpuart.o" "../component/uart/fsl_adapter_lpuart.c"
Finished building: ../drivers/fsl_lpuart.c
 
Building file: ../component/serial_manager/fsl_component_serial_manager.c
Invoking: MCU C Compiler
arm-none-eabi-gcc -D__NEWLIB__ -DCPU_MCXN947VDF -DCPU_MCXN947VDF_cm33 -DCPU_MCXN947VDF_cm33_core0 -DSERIAL_PORT_TYPE_UART=1 -DSDK_DEBUGCONSOLE=1 -D__MCUXPRESSO -D__USE_CMSIS -DDEBUG -I"/home/bruno/ufrgs/tcc/automator/cpp-project/tflite-test/drivers" -I"/home/bruno/ufrgs/tcc/automator/cpp-project/tflite-test/device" -I"/home/bruno/ufrgs/tcc/automator/cpp-project/tflite-test/utilities/debug_console" -I"/home/bruno/ufrgs/tcc/automator/cpp-project/tflite-test/component/uart" -I"/home/bruno/ufrgs/tcc/automator/cpp-project/tflite-test/utilities/debug_console/config" -I"/home/bruno/ufrgs/tcc/automator/cpp-project/tflite-test/component/serial_manager" -I"/home/bruno/ufrgs/tcc/automator/cpp-project/tflite-test/component/lists" -I"/home/bruno/ufrgs/tcc/automator/cpp-project/tflite-test/device/periph" -I"/home/bruno/ufrgs/tcc/automator/cpp-project/tflite-test/utilities" -I"/home/bruno/ufrgs/tcc/automator/cpp-project/tflite-test/CMSIS" -I"/home/bruno/ufrgs/tcc/automator/cpp-project/tflite-test/CMSIS/m-profile" -I"/home/bruno/ufrgs/tcc/automator/cpp-project/tflite-test/utilities/str" -I"/home/bruno/ufrgs/tcc/automator/cpp-project/tflite-test/board" -I"/home/bruno/ufrgs/tcc/automator/cpp-project/tflite-test/source" -O0 -fno-common -g3 -gdwarf-4 -Wall -c -ffunction-sections -fdata-sections -fno-builtin -fmerge-constants -fmacro-prefix-map="../component/serial_manager/"= -mcpu=cortex-m33 -mfpu=fpv5-sp-d16 -mfloat-abi=hard -mthumb -D__NEWLIB__ -fstack-usage -specs=nano.specs -MMD -MP -MF"component/serial_manager/fsl_component_serial_manager.d" -MT"component/serial_manager/fsl_component_serial_manager.o" -MT"component/serial_manager/fsl_component_serial_manager.d" -o "component/serial_manager/fsl_component_serial_manager.o" "../component/serial_manager/fsl_component_serial_manager.c"
Finished building: ../drivers/fsl_spc.c
 
Building file: ../component/serial_manager/fsl_component_serial_port_uart.c
Invoking: MCU C Compiler
arm-none-eabi-gcc -D__NEWLIB__ -DCPU_MCXN947VDF -DCPU_MCXN947VDF_cm33 -DCPU_MCXN947VDF_cm33_core0 -DSERIAL_PORT_TYPE_UART=1 -DSDK_DEBUGCONSOLE=1 -D__MCUXPRESSO -D__USE_CMSIS -DDEBUG -I"/home/bruno/ufrgs/tcc/automator/cpp-project/tflite-test/drivers" -I"/home/bruno/ufrgs/tcc/automator/cpp-project/tflite-test/device" -I"/home/bruno/ufrgs/tcc/automator/cpp-project/tflite-test/utilities/debug_console" -I"/home/bruno/ufrgs/tcc/automator/cpp-project/tflite-test/component/uart" -I"/home/bruno/ufrgs/tcc/automator/cpp-project/tflite-test/utilities/debug_console/config" -I"/home/bruno/ufrgs/tcc/automator/cpp-project/tflite-test/component/serial_manager" -I"/home/bruno/ufrgs/tcc/automator/cpp-project/tflite-test/component/lists" -I"/home/bruno/ufrgs/tcc/automator/cpp-project/tflite-test/device/periph" -I"/home/bruno/ufrgs/tcc/automator/cpp-project/tflite-test/utilities" -I"/home/bruno/ufrgs/tcc/automator/cpp-project/tflite-test/CMSIS" -I"/home/bruno/ufrgs/tcc/automator/cpp-project/tflite-test/CMSIS/m-profile" -I"/home/bruno/ufrgs/tcc/automator/cpp-project/tflite-test/utilities/str" -I"/home/bruno/ufrgs/tcc/automator/cpp-project/tflite-test/board" -I"/home/bruno/ufrgs/tcc/automator/cpp-project/tflite-test/source" -O0 -fno-common -g3 -gdwarf-4 -Wall -c -ffunction-sections -fdata-sections -fno-builtin -fmerge-constants -fmacro-prefix-map="../component/serial_manager/"= -mcpu=cortex-m33 -mfpu=fpv5-sp-d16 -mfloat-abi=hard -mthumb -D__NEWLIB__ -fstack-usage -specs=nano.specs -MMD -MP -MF"component/serial_manager/fsl_component_serial_port_uart.d" -MT"component/serial_manager/fsl_component_serial_port_uart.o" -MT"component/serial_manager/fsl_component_serial_port_uart.d" -o "component/serial_manager/fsl_component_serial_port_uart.o" "../component/serial_manager/fsl_component_serial_port_uart.c"
Finished building: ../drivers/fsl_lpspi.c
 
Building file: ../component/lists/fsl_component_generic_list.c
Invoking: MCU C Compiler
arm-none-eabi-gcc -D__NEWLIB__ -DCPU_MCXN947VDF -DCPU_MCXN947VDF_cm33 -DCPU_MCXN947VDF_cm33_core0 -DSERIAL_PORT_TYPE_UART=1 -DSDK_DEBUGCONSOLE=1 -D__MCUXPRESSO -D__USE_CMSIS -DDEBUG -I"/home/bruno/ufrgs/tcc/automator/cpp-project/tflite-test/drivers" -I"/home/bruno/ufrgs/tcc/automator/cpp-project/tflite-test/device" -I"/home/bruno/ufrgs/tcc/automator/cpp-project/tflite-test/utilities/debug_console" -I"/home/bruno/ufrgs/tcc/automator/cpp-project/tflite-test/component/uart" -I"/home/bruno/ufrgs/tcc/automator/cpp-project/tflite-test/utilities/debug_console/config" -I"/home/bruno/ufrgs/tcc/automator/cpp-project/tflite-test/component/serial_manager" -I"/home/bruno/ufrgs/tcc/automator/cpp-project/tflite-test/component/lists" -I"/home/bruno/ufrgs/tcc/automator/cpp-project/tflite-test/device/periph" -I"/home/bruno/ufrgs/tcc/automator/cpp-project/tflite-test/utilities" -I"/home/bruno/ufrgs/tcc/automator/cpp-project/tflite-test/CMSIS" -I"/home/bruno/ufrgs/tcc/automator/cpp-project/tflite-test/CMSIS/m-profile" -I"/home/bruno/ufrgs/tcc/automator/cpp-project/tflite-test/utilities/str" -I"/home/bruno/ufrgs/tcc/automator/cpp-project/tflite-test/board" -I"/home/bruno/ufrgs/tcc/automator/cpp-project/tflite-test/source" -O0 -fno-common -g3 -gdwarf-4 -Wall -c -ffunction-sections -fdata-sections -fno-builtin -fmerge-constants -fmacro-prefix-map="../component/lists/"= -mcpu=cortex-m33 -mfpu=fpv5-sp-d16 -mfloat-abi=hard -mthumb -D__NEWLIB__ -fstack-usage -specs=nano.specs -MMD -MP -MF"component/lists/fsl_component_generic_list.d" -MT"component/lists/fsl_component_generic_list.o" -MT"component/lists/fsl_component_generic_list.d" -o "component/lists/fsl_component_generic_list.o" "../component/lists/fsl_component_generic_list.c"
Finished building: ../drivers/fsl_lpi2c.c
 
Building file: ../board/board.c
Invoking: MCU C Compiler
arm-none-eabi-gcc -D__NEWLIB__ -DCPU_MCXN947VDF -DCPU_MCXN947VDF_cm33 -DCPU_MCXN947VDF_cm33_core0 -DSERIAL_PORT_TYPE_UART=1 -DSDK_DEBUGCONSOLE=1 -D__MCUXPRESSO -D__USE_CMSIS -DDEBUG -I"/home/bruno/ufrgs/tcc/automator/cpp-project/tflite-test/drivers" -I"/home/bruno/ufrgs/tcc/automator/cpp-project/tflite-test/device" -I"/home/bruno/ufrgs/tcc/automator/cpp-project/tflite-test/utilities/debug_console" -I"/home/bruno/ufrgs/tcc/automator/cpp-project/tflite-test/component/uart" -I"/home/bruno/ufrgs/tcc/automator/cpp-project/tflite-test/utilities/debug_console/config" -I"/home/bruno/ufrgs/tcc/automator/cpp-project/tflite-test/component/serial_manager" -I"/home/bruno/ufrgs/tcc/automator/cpp-project/tflite-test/component/lists" -I"/home/bruno/ufrgs/tcc/automator/cpp-project/tflite-test/device/periph" -I"/home/bruno/ufrgs/tcc/automator/cpp-project/tflite-test/utilities" -I"/home/bruno/ufrgs/tcc/automator/cpp-project/tflite-test/CMSIS" -I"/home/bruno/ufrgs/tcc/automator/cpp-project/tflite-test/CMSIS/m-profile" -I"/home/bruno/ufrgs/tcc/automator/cpp-project/tflite-test/utilities/str" -I"/home/bruno/ufrgs/tcc/automator/cpp-project/tflite-test/board" -I"/home/bruno/ufrgs/tcc/automator/cpp-project/tflite-test/source" -O0 -fno-common -g3 -gdwarf-4 -Wall -c -ffunction-sections -fdata-sections -fno-builtin -fmerge-constants -fmacro-prefix-map="../board/"= -mcpu=cortex-m33 -mfpu=fpv5-sp-d16 -mfloat-abi=hard -mthumb -D__NEWLIB__ -fstack-usage -specs=nano.specs -MMD -MP -MF"board/board.d" -MT"board/board.o" -MT"board/board.d" -o "board/board.o" "../board/board.c"
Finished building: ../component/serial_manager/fsl_component_serial_manager.c
 
Building file: ../board/clock_config.c
Invoking: MCU C Compiler
arm-none-eabi-gcc -D__NEWLIB__ -DCPU_MCXN947VDF -DCPU_MCXN947VDF_cm33 -DCPU_MCXN947VDF_cm33_core0 -DSERIAL_PORT_TYPE_UART=1 -DSDK_DEBUGCONSOLE=1 -D__MCUXPRESSO -D__USE_CMSIS -DDEBUG -I"/home/bruno/ufrgs/tcc/automator/cpp-project/tflite-test/drivers" -I"/home/bruno/ufrgs/tcc/automator/cpp-project/tflite-test/device" -I"/home/bruno/ufrgs/tcc/automator/cpp-project/tflite-test/utilities/debug_console" -I"/home/bruno/ufrgs/tcc/automator/cpp-project/tflite-test/component/uart" -I"/home/bruno/ufrgs/tcc/automator/cpp-project/tflite-test/utilities/debug_console/config" -I"/home/bruno/ufrgs/tcc/automator/cpp-project/tflite-test/component/serial_manager" -I"/home/bruno/ufrgs/tcc/automator/cpp-project/tflite-test/component/lists" -I"/home/bruno/ufrgs/tcc/automator/cpp-project/tflite-test/device/periph" -I"/home/bruno/ufrgs/tcc/automator/cpp-project/tflite-test/utilities" -I"/home/bruno/ufrgs/tcc/automator/cpp-project/tflite-test/CMSIS" -I"/home/bruno/ufrgs/tcc/automator/cpp-project/tflite-test/CMSIS/m-profile" -I"/home/bruno/ufrgs/tcc/automator/cpp-project/tflite-test/utilities/str" -I"/home/bruno/ufrgs/tcc/automator/cpp-project/tflite-test/board" -I"/home/bruno/ufrgs/tcc/automator/cpp-project/tflite-test/source" -O0 -fno-common -g3 -gdwarf-4 -Wall -c -ffunction-sections -fdata-sections -fno-builtin -fmerge-constants -fmacro-prefix-map="../board/"= -mcpu=cortex-m33 -mfpu=fpv5-sp-d16 -mfloat-abi=hard -mthumb -D__NEWLIB__ -fstack-usage -specs=nano.specs -MMD -MP -MF"board/clock_config.d" -MT"board/clock_config.o" -MT"board/clock_config.d" -o "board/clock_config.o" "../board/clock_config.c"
Finished building: ../device/system_MCXN947_cm33_core0.c
 
Building file: ../board/peripherals.c
Invoking: MCU C Compiler
arm-none-eabi-gcc -D__NEWLIB__ -DCPU_MCXN947VDF -DCPU_MCXN947VDF_cm33 -DCPU_MCXN947VDF_cm33_core0 -DSERIAL_PORT_TYPE_UART=1 -DSDK_DEBUGCONSOLE=1 -D__MCUXPRESSO -D__USE_CMSIS -DDEBUG -I"/home/bruno/ufrgs/tcc/automator/cpp-project/tflite-test/drivers" -I"/home/bruno/ufrgs/tcc/automator/cpp-project/tflite-test/device" -I"/home/bruno/ufrgs/tcc/automator/cpp-project/tflite-test/utilities/debug_console" -I"/home/bruno/ufrgs/tcc/automator/cpp-project/tflite-test/component/uart" -I"/home/bruno/ufrgs/tcc/automator/cpp-project/tflite-test/utilities/debug_console/config" -I"/home/bruno/ufrgs/tcc/automator/cpp-project/tflite-test/component/serial_manager" -I"/home/bruno/ufrgs/tcc/automator/cpp-project/tflite-test/component/lists" -I"/home/bruno/ufrgs/tcc/automator/cpp-project/tflite-test/device/periph" -I"/home/bruno/ufrgs/tcc/automator/cpp-project/tflite-test/utilities" -I"/home/bruno/ufrgs/tcc/automator/cpp-project/tflite-test/CMSIS" -I"/home/bruno/ufrgs/tcc/automator/cpp-project/tflite-test/CMSIS/m-profile" -I"/home/bruno/ufrgs/tcc/automator/cpp-project/tflite-test/utilities/str" -I"/home/bruno/ufrgs/tcc/automator/cpp-project/tflite-test/board" -I"/home/bruno/ufrgs/tcc/automator/cpp-project/tflite-test/source" -O0 -fno-common -g3 -gdwarf-4 -Wall -c -ffunction-sections -fdata-sections -fno-builtin -fmerge-constants -fmacro-prefix-map="../board/"= -mcpu=cortex-m33 -mfpu=fpv5-sp-d16 -mfloat-abi=hard -mthumb -D__NEWLIB__ -fstack-usage -specs=nano.specs -MMD -MP -MF"board/peripherals.d" -MT"board/peripherals.o" -MT"board/peripherals.d" -o "board/peripherals.o" "../board/peripherals.c"
Finished building: ../component/uart/fsl_adapter_lpuart.c
 
Building file: ../board/pin_mux.c
Invoking: MCU C Compiler
arm-none-eabi-gcc -D__NEWLIB__ -DCPU_MCXN947VDF -DCPU_MCXN947VDF_cm33 -DCPU_MCXN947VDF_cm33_core0 -DSERIAL_PORT_TYPE_UART=1 -DSDK_DEBUGCONSOLE=1 -D__MCUXPRESSO -D__USE_CMSIS -DDEBUG -I"/home/bruno/ufrgs/tcc/automator/cpp-project/tflite-test/drivers" -I"/home/bruno/ufrgs/tcc/automator/cpp-project/tflite-test/device" -I"/home/bruno/ufrgs/tcc/automator/cpp-project/tflite-test/utilities/debug_console" -I"/home/bruno/ufrgs/tcc/automator/cpp-project/tflite-test/component/uart" -I"/home/bruno/ufrgs/tcc/automator/cpp-project/tflite-test/utilities/debug_console/config" -I"/home/bruno/ufrgs/tcc/automator/cpp-project/tflite-test/component/serial_manager" -I"/home/bruno/ufrgs/tcc/automator/cpp-project/tflite-test/component/lists" -I"/home/bruno/ufrgs/tcc/automator/cpp-project/tflite-test/device/periph" -I"/home/bruno/ufrgs/tcc/automator/cpp-project/tflite-test/utilities" -I"/home/bruno/ufrgs/tcc/automator/cpp-project/tflite-test/CMSIS" -I"/home/bruno/ufrgs/tcc/automator/cpp-project/tflite-test/CMSIS/m-profile" -I"/home/bruno/ufrgs/tcc/automator/cpp-project/tflite-test/utilities/str" -I"/home/bruno/ufrgs/tcc/automator/cpp-project/tflite-test/board" -I"/home/bruno/ufrgs/tcc/automator/cpp-project/tflite-test/source" -O0 -fno-common -g3 -gdwarf-4 -Wall -c -ffunction-sections -fdata-sections -fno-builtin -fmerge-constants -fmacro-prefix-map="../board/"= -mcpu=cortex-m33 -mfpu=fpv5-sp-d16 -mfloat-abi=hard -mthumb -D__NEWLIB__ -fstack-usage -specs=nano.specs -MMD -MP -MF"board/pin_mux.d" -MT"board/pin_mux.o" -MT"board/pin_mux.d" -o "board/pin_mux.o" "../board/pin_mux.c"
Finished building: ../board/board.c
 
Finished building: ../component/serial_manager/fsl_component_serial_port_uart.c
 
Finished building: ../component/lists/fsl_component_generic_list.c
 
Finished building: ../board/clock_config.c
 
Finished building: ../board/peripherals.c
 
../source/MCXN947_Project.cpp: In function 'int main()':
../source/MCXN947_Project.cpp:24:16: warning: unused variable 'inference_time_us' [-Wunused-variable]
   24 |            int inference_time_us = stop_timing();
      |                ^~~~~~~~~~~~~~~~~
Finished building: ../board/pin_mux.c
 
Finished building: ../source/MCXN947_Project.cpp
 
Finished building: ../model/model.cpp
 
Building target: tflite-test.axf
Invoking: MCU C++ Linker
arm-none-eabi-c++ -nostdlib -L"/home/bruno/ufrgs/tcc/automator/cpp-project/tflite-test/tensorflow" -Xlinker -Map="tflite-test.map" -Xlinker --gc-sections -Xlinker -print-memory-usage -Xlinker --sort-section=alignment -Xlinker --cref -mcpu=cortex-m33 -mfpu=fpv5-sp-d16 -mfloat-abi=hard -mthumb -T tflite-test_Debug.ld -o "tflite-test.axf" ./utilities/str/fsl_str.o  ./utilities/debug_console/fsl_debug_console.o  ./utilities/fsl_assert.o  ./startup/boot_multicore_slave.o ./startup/startup_mcxn947_cm33_core0.o  ./source/MCXN947_Project.o ./source/cpp_config.o ./source/semihost_hardfault.o  ./model/model.o ./model/quantization.o ./model/serial_io.o ./model/timer.o  ./drivers/fsl_clock.o ./drivers/fsl_common.o ./drivers/fsl_common_arm.o ./drivers/fsl_ctimer.o ./drivers/fsl_gpio.o ./drivers/fsl_lpflexcomm.o ./drivers/fsl_lpi2c.o ./drivers/fsl_lpspi.o ./drivers/fsl_lpuart.o ./drivers/fsl_reset.o ./drivers/fsl_spc.o  ./device/system_MCXN947_cm33_core0.o  ./component/uart/fsl_adapter_lpuart.o  ./component/serial_manager/fsl_component_serial_manager.o ./component/serial_manager/fsl_component_serial_port_uart.o  ./component/lists/fsl_component_generic_list.o  ./board/board.o ./board/clock_config.o ./board/peripherals.o ./board/pin_mux.o    -ltensorflow-microlite
Memory region         Used Size  Region Size  %age Used
  PROGRAM_FLASH0:      453704 B         1 MB     43.27%
  PROGRAM_FLASH1:           0 B         1 MB      0.00%
            SRAM:      257992 B       384 KB     65.61%
           SRAMX:           0 B        96 KB      0.00%
           SRAMH:           0 B        32 KB      0.00%
         USB_RAM:           0 B         4 KB      0.00%
Finished building target: tflite-test.axf
 
Performing post-build steps
arm-none-eabi-size "tflite-test.axf"; # arm-none-eabi-objcopy -v -O binary "tflite-test.axf" "tflite-test.bin" ; # checksum -p MCXN947 -d "tflite-test.bin";
   text	   data	    bss	    dec	    hex	filename
 453612	     92	 257896	 711600	  adbb0	tflite-test.axf
 
10:39:56 **** Build of configuration Debug for project tflite-test ****
make -r -j8 all 
make[1]: Nothing to be done for 'main-build'.
Performing post-build steps
arm-none-eabi-size "tflite-test.axf"; # arm-none-eabi-objcopy -v -O binary "tflite-test.axf" "tflite-test.bin" ; # checksum -p MCXN947 -d "tflite-test.bin";
   text	   data	    bss	    dec	    hex	filename
 453612	     92	 257896	 711600	  adbb0	tflite-test.axf
 
10:39:57 **** Incremental Build of configuration Debug for project tflite-test ****
make -r -j8 all 
make[1]: Nothing to be done for 'main-build'.
Performing post-build steps
arm-none-eabi-size "tflite-test.axf"; # arm-none-eabi-objcopy -v -O binary "tflite-test.axf" "tflite-test.bin" ; # checksum -p MCXN947 -d "tflite-test.bin";
   text	   data	    bss	    dec	    hex	filename
 453612	     92	 257896	 711600	  adbb0	tflite-test.axf
 
15:14:11 **** Build of configuration Debug for project tflite-test ****
make -r -j8 all 
Building target: tflite-test.axf
Invoking: MCU C++ Linker
arm-none-eabi-c++ -nostdlib -L"/home/bruno/ufrgs/tcc/automator/cpp-project/tflite-test/tensorflow" -Xlinker -Map="tflite-test.map" -Xlinker --gc-sections -Xlinker -print-memory-usage -Xlinker --sort-section=alignment -Xlinker --cref -mcpu=cortex-m33 -mfpu=fpv5-sp-d16 -mfloat-abi=hard -mthumb -T tflite-test_Debug.ld -o "tflite-test.axf" ./utilities/str/fsl_str.o  ./utilities/debug_console/fsl_debug_console.o  ./utilities/fsl_assert.o  ./startup/boot_multicore_slave.o ./startup/startup_mcxn947_cm33_core0.o  ./source/MCXN947_Project.o ./source/cpp_config.o ./source/semihost_hardfault.o  ./model/model.o ./model/quantization.o ./model/serial_io.o ./model/timer.o  ./drivers/fsl_clock.o ./drivers/fsl_common.o ./drivers/fsl_common_arm.o ./drivers/fsl_ctimer.o ./drivers/fsl_gpio.o ./drivers/fsl_lpflexcomm.o ./drivers/fsl_lpi2c.o ./drivers/fsl_lpspi.o ./drivers/fsl_lpuart.o ./drivers/fsl_reset.o ./drivers/fsl_spc.o  ./device/system_MCXN947_cm33_core0.o  ./component/uart/fsl_adapter_lpuart.o  ./component/serial_manager/fsl_component_serial_manager.o ./component/serial_manager/fsl_component_serial_port_uart.o  ./component/lists/fsl_component_generic_list.o  ./board/board.o ./board/clock_config.o ./board/peripherals.o ./board/pin_mux.o    -ltensorflow-microlite
Memory region         Used Size  Region Size  %age Used
  PROGRAM_FLASH0:      453608 B         1 MB     43.26%
  PROGRAM_FLASH1:           0 B         1 MB      0.00%
            SRAM:      251928 B       384 KB     64.07%
           SRAMX:           0 B        96 KB      0.00%
           SRAMH:           0 B        32 KB      0.00%
         USB_RAM:           0 B         4 KB      0.00%
Finished building target: tflite-test.axf
 
Performing post-build steps
arm-none-eabi-size "tflite-test.axf"; # arm-none-eabi-objcopy -v -O binary "tflite-test.axf" "tflite-test.bin" ; # checksum -p MCXN947 -d "tflite-test.bin";
   text	   data	    bss	    dec	    hex	filename
 453516	     92	 251832	 705440	  ac3a0	tflite-test.axf
 
15:14:13 **** Incremental Build of configuration Debug for project tflite-test ****
make -r -j8 all 
make[1]: Nothing to be done for 'main-build'.
Performing post-build steps
arm-none-eabi-size "tflite-test.axf"; # arm-none-eabi-objcopy -v -O binary "tflite-test.axf" "tflite-test.bin" ; # checksum -p MCXN947 -d "tflite-test.bin";
   text	   data	    bss	    dec	    hex	filename
 453516	     92	 251832	 705440	  ac3a0	tflite-test.axf
 
