15:14:13 **** Incremental Build of configuration Debug for project tflite-test ****
make -r -j8 all 
make[1]: Nothing to be done for 'main-build'.
Performing post-build steps
arm-none-eabi-size "tflite-test.axf"; # arm-none-eabi-objcopy -v -O binary "tflite-test.axf" "tflite-test.bin" ; # checksum -p MCXN947 -d "tflite-test.bin";
   text	   data	    bss	    dec	    hex	filename
 453516	     92	 251832	 705440	  ac3a0	tflite-test.axf
 

15:14:13 Build Finished. 0 errors, 0 warnings. (took 287ms)

